******************************************************************************
                  TI ARM Linker PC v18.12.1                    
******************************************************************************
>> Linked Wed Apr 10 20:19:59 2019

OUTPUT FILE NAME:   <FreeRTOS_tiva_demo.out>
ENTRY POINT SYMBOL: "_c_int00_noargs"  address: 00008401


MEMORY CONFIGURATION

         name            origin    length      used     unused   attr    fill
----------------------  --------  ---------  --------  --------  ----  --------
  FLASH                 00000000   00100000  00008b26  000f74da  R  X
  SRAM                  20000000   00040000  0000c978  00033688  RW X


SEGMENT ALLOCATION MAP

run origin  load origin   length   init length attrs members
----------  ----------- ---------- ----------- ----- -------
00000000    00000000    00008b28   00008b28    r-x
  00000000    00000000    00000208   00000208    r-- .intvecs
  00000208    00000208    000082c2   000082c2    r-x .text
  000084cc    000084cc    00000614   00000614    r-- .const
  00008ae0    00008ae0    00000048   00000048    r-- .cinit
20000000    20000000    0000c97c   00000000    rw-
  20000000    20000000    0000026c   00000000    rw- .vtable
  2000026c    2000026c    0000c4b8   00000000    rw- .bss
  2000c728    2000c728    00000200   00000000    rw- .stack
  2000c928    2000c928    00000054   00000000    rw- .data


SECTION ALLOCATION MAP

 output                                  attributes/
section   page    origin      length       input sections
--------  ----  ----------  ----------   ----------------
.intvecs   0    00000000    00000208     
                  00000000    00000208     tm4c1294ncpdt_startup_ccs.obj (.intvecs)

.text      0    00000208    000082c2     
                  00000208    000017b0     tasks.obj (.text)
                  000019b8    000015cc     sysctl.obj (.text)
                  00002f84    0000114c     gpio.obj (.text)
                  000040d0    00000b4c     i2c.obj (.text)
                  00004c1c    00000ad0     queue.obj (.text)
                  000056ec    00000a50     uart.obj (.text)
                  0000613c    00000578     timers.obj (.text)
                  000066b4    0000056c     uartstdio.obj (.text)
                  00006c20    00000490     interrupt.obj (.text)
                  000070b0    00000374     threads.obj (.text)
                  00007424    00000324     pinout.obj (.text)
                  00007748    00000200     main.obj (.text)
                  00007948    000001b8     heap_2.obj (.text)
                  00007b00    0000013c     harry_i2c.obj (.text)
                  00007c3c    0000012c     port.obj (.text)
                  00007d68    0000012a     list.obj (.text)
                  00007e92    000000fc     rtsv7M4_T_le_v4SPD16_eabi.lib : fd_mul_t2.asm.obj (.text)
                  00007f8e    00000002                                   : div0.asm.obj (.text)
                  00007f90    000000d2     portasm.obj (.text)
                  00008062    0000009c     rtsv7M4_T_le_v4SPD16_eabi.lib : memcpy_t2.asm.obj (.text)
                  000080fe    00000002     --HOLE-- [fill = 0]
                  00008100    00000090     temperature.obj (.text)
                  00008190    00000086     rtsv7M4_T_le_v4SPD16_eabi.lib : fd_cmp_t2.asm.obj (.text:__aeabi_cdrcmple)
                  00008216    0000007a                                   : memset_t2.asm.obj (.text)
                  00008290    00000068                                   : copy_decompress_lzss.c.obj (.text:decompress:lzss:__TI_decompress_lzss)
                  000082f8    00000044                                   : autoinit.c.obj (.text:__TI_auto_init_nobinit_nopinit:__TI_auto_init_nobinit_nopinit)
                  0000833c    00000044                                   : fd_tou_t2.asm.obj (.text)
                  00008380    00000040                                   : u_divt2.asm.obj (.text)
                  000083c0    0000003e     cpu.obj (.text)
                  000083fe    00000002     --HOLE-- [fill = 0]
                  00008400    00000034     rtsv7M4_T_le_v4SPD16_eabi.lib : boot_cortex_m.c.obj (.text:_c_int00_noargs:_c_int00_noargs)
                  00008434    0000002e                                   : i_tofd_t2.asm.obj (.text)
                  00008462    00000020                                   : u_tofd_t2.asm.obj (.text)
                  00008482    00000014                                   : strcpy.c.obj (.text:strcpy)
                  00008496    0000000e                                   : copy_decompress_none.c.obj (.text:decompress:none:__TI_decompress_none)
                  000084a4    0000000c                                   : copy_zero_init.c.obj (.text:decompress:ZI:__TI_zero_init)
                  000084b0    0000000c     tm4c1294ncpdt_startup_ccs.obj (.text)
                  000084bc    00000006     sysctl.obj (.text:SysCtlDelay)
                  000084c2    00000004     rtsv7M4_T_le_v4SPD16_eabi.lib : pre_init.c.obj (.text:_system_pre_init)
                  000084c6    00000004                                   : exit.c.obj (.text:abort:abort)

.const     0    000084cc    00000614     
                  000084cc    00000120     sysctl.obj (.const:g_pppui32XTALtoVCO)
                  000085ec    000000c0     gpio.obj (.const:g_ppui32GPIOIntMapBlizzard)
                  000086ac    000000c0     gpio.obj (.const:g_ppui32GPIOIntMapSnowflake)
                  0000876c    0000009c     interrupt.obj (.const:g_pui32Regs)
                  00008808    00000090     gpio.obj (.const:g_pui32GPIOBaseAddrs)
                  00008898    0000006c     sysctl.obj (.const:g_pui32Xtals)
                  00008904    00000050     i2c.obj (.const:g_ppui32I2CIntMapSnowflake)
                  00008954    00000040     uart.obj (.const:g_ppui32UARTIntMap)
                  00008994    00000040     uart.obj (.const:g_ppui32UARTIntMapSnowflake)
                  000089d4    00000030     i2c.obj (.const:g_ppui32I2CIntMap)
                  00008a04    00000030     sysctl.obj (.const:g_sXTALtoMEMTIM)
                  00008a34    00000020     interrupt.obj (.const:g_pui32Priority)
                  00008a54    00000014     interrupt.obj (.const:g_pui32Dii16Regs)
                  00008a68    00000014     interrupt.obj (.const:g_pui32EnRegs)
                  00008a7c    00000014     interrupt.obj (.const:g_pui32PendRegs)
                  00008a90    00000014     interrupt.obj (.const:g_pui32UnpendRegs)
                  00008aa4    00000012     uartstdio.obj (.const:.string)
                  00008ab6    00000002     --HOLE-- [fill = 0]
                  00008ab8    0000000c     uartstdio.obj (.const:g_ui32UARTBase)
                  00008ac4    0000000c     uartstdio.obj (.const:g_ui32UARTPeriph)
                  00008ad0    00000008     sysctl.obj (.const:g_pui32VCOFrequencies)
                  00008ad8    00000004     port.obj (.const)
                  00008adc    00000004     uartstdio.obj (.const)

.cinit     0    00008ae0    00000048     
                  00008ae0    0000000f     (.cinit..data.load) [load image, compression = lzss]
                  00008aef    00000001     --HOLE-- [fill = 0]
                  00008af0    0000000c     (__TI_handler_table)
                  00008afc    00000004     --HOLE-- [fill = 0]
                  00008b00    00000008     (.cinit..bss.load) [load image, compression = zero_init]
                  00008b08    00000008     (.cinit..vtable.load) [load image, compression = zero_init]
                  00008b10    00000018     (__TI_cinit_table)

.init_array 
*          0    00000000    00000000     UNINITIALIZED

.vtable    0    20000000    0000026c     UNINITIALIZED
                  20000000    0000026c     interrupt.obj (.vtable)

.bss       0    2000026c    0000c4b8     UNINITIALIZED
                  2000026c    0000c350     heap_2.obj (.bss:ucHeap)
                  2000c5bc    00000064     tasks.obj (.bss:pxReadyTasksLists)
                  2000c620    00000040     (.common:xQueueRegistry)
                  2000c660    00000014     timers.obj (.bss:xActiveTimerList1)
                  2000c674    00000014     timers.obj (.bss:xActiveTimerList2)
                  2000c688    00000014     tasks.obj (.bss:xDelayedTaskList1)
                  2000c69c    00000014     tasks.obj (.bss:xDelayedTaskList2)
                  2000c6b0    00000014     tasks.obj (.bss:xPendingReadyList)
                  2000c6c4    00000014     tasks.obj (.bss:xSuspendedTaskList)
                  2000c6d8    00000014     tasks.obj (.bss:xTasksWaitingTermination)
                  2000c6ec    00000008     tasks.obj (.bss)
                  2000c6f4    00000008     timers.obj (.bss)
                  2000c6fc    00000008     heap_2.obj (.bss:xEnd)
                  2000c704    00000008     heap_2.obj (.bss:xStart)
                  2000c70c    00000004     threads.obj (.bss)
                  2000c710    00000004     (.common:a_task)
                  2000c714    00000004     (.common:led_signal)
                  2000c718    00000004     (.common:log_m)
                  2000c71c    00000004     (.common:queue_logger)
                  2000c720    00000004     (.common:temp_signal)

.data      0    2000c928    00000054     UNINITIALIZED
                  2000c928    00000034     tasks.obj (.data)
                  2000c95c    0000000c     timers.obj (.data)
                  2000c968    00000008     heap_2.obj (.data)
                  2000c970    00000005     uartstdio.obj (.data)
                  2000c975    00000003     --HOLE--
                  2000c978    00000004     port.obj (.data)

.stack     0    2000c728    00000200     UNINITIALIZED
                  2000c728    00000004     rtsv7M4_T_le_v4SPD16_eabi.lib : boot_cortex_m.c.obj (.stack)
                  2000c72c    000001fc     --HOLE--

MODULE SUMMARY

       Module                          code    ro data   rw data
       ------                          ----    -------   -------
    .\
       threads.obj                     884     0         4      
       main.obj                        512     0         20     
       tm4c1294ncpdt_startup_ccs.obj   12      520       0      
       harry_i2c.obj                   316     0         0      
       temperature.obj                 144     0         0      
    +--+-------------------------------+-------+---------+---------+
       Total:                          1868    520       24     
                                                                
    .\FreeRTOS\
       tasks.obj                       6064    0         260    
       queue.obj                       2768    0         64     
       timers.obj                      1400    0         60     
       list.obj                        298     0         0      
    +--+-------------------------------+-------+---------+---------+
       Total:                          10530   0         384    
                                                                
    .\FreeRTOS\portable\CCS\ARM_CM4F\
       port.obj                        300     4         4      
       portasm.obj                     210     0         0      
    +--+-------------------------------+-------+---------+---------+
       Total:                          510     4         4      
                                                                
    .\FreeRTOS\portable\MemMang\
       heap_2.obj                      440     0         50024  
    +--+-------------------------------+-------+---------+---------+
       Total:                          440     0         50024  
                                                                
    .\driverlib\
       sysctl.obj                      5586    452       0      
       gpio.obj                        4428    528       0      
       i2c.obj                         2892    128       0      
       uart.obj                        2640    128       0      
       interrupt.obj                   1168    268       620    
       cpu.obj                         62      0         0      
    +--+-------------------------------+-------+---------+---------+
       Total:                          16776   1504      620    
                                                                
    .\drivers\
       pinout.obj                      804     0         0      
    +--+-------------------------------+-------+---------+---------+
       Total:                          804     0         0      
                                                                
    .\utils\
       uartstdio.obj                   1388    46        5      
    +--+-------------------------------+-------+---------+---------+
       Total:                          1388    46        5      
                                                                
    C:\ti\ccs901\ccs\tools\compiler\ti-cgt-arm_18.12.1.LTS\lib\rtsv7M4_T_le_v4SPD16_eabi.lib
       fd_mul_t2.asm.obj               252     0         0      
       memcpy_t2.asm.obj               156     0         0      
       fd_cmp_t2.asm.obj               134     0         0      
       memset_t2.asm.obj               122     0         0      
       copy_decompress_lzss.c.obj      104     0         0      
       autoinit.c.obj                  68      0         0      
       fd_tou_t2.asm.obj               68      0         0      
       u_divt2.asm.obj                 64      0         0      
       boot_cortex_m.c.obj             52      0         0      
       i_tofd_t2.asm.obj               46      0         0      
       u_tofd_t2.asm.obj               32      0         0      
       strcpy.c.obj                    20      0         0      
       copy_decompress_none.c.obj      14      0         0      
       copy_zero_init.c.obj            12      0         0      
       exit.c.obj                      4       0         0      
       pre_init.c.obj                  4       0         0      
       div0.asm.obj                    2       0         0      
    +--+-------------------------------+-------+---------+---------+
       Total:                          1154    0         0      
                                                                
       Stack:                          0       0         512    
       Linker Generated:               0       67        0      
    +--+-------------------------------+-------+---------+---------+
       Grand Total:                    33470   2141      51573  


LINKER GENERATED COPY TABLES

__TI_cinit_table @ 00008b10 records: 3, size/record: 8, table size: 24
	.data: load addr=00008ae0, load size=0000000f bytes, run addr=2000c928, run size=00000054 bytes, compression=lzss
	.bss: load addr=00008b00, load size=00000008 bytes, run addr=2000026c, run size=0000c4b8 bytes, compression=zero_init
	.vtable: load addr=00008b08, load size=00000008 bytes, run addr=20000000, run size=0000026c bytes, compression=zero_init


LINKER GENERATED HANDLER TABLE

__TI_handler_table @ 00008af0 records: 3, size/record: 4, table size: 12
	index: 0, handler: __TI_zero_init
	index: 1, handler: __TI_decompress_lzss
	index: 2, handler: __TI_decompress_none


GLOBAL SYMBOLS: SORTED ALPHABETICALLY BY Name 

address   name                             
-------   ----                             
000084c7  C$$EXIT                          
000083f5  CPUbasepriGet                    
000083e7  CPUbasepriSet                    
000083c1  CPUcpsid                         
000083d7  CPUcpsie                         
000083cd  CPUprimask                       
000083e3  CPUwfi                           
00004099  GPIOADCTriggerDisable            
0000406d  GPIOADCTriggerEnable             
00004041  GPIODMATriggerDisable            
00004015  GPIODMATriggerEnable             
00003161  GPIODirModeGet                   
000030dd  GPIODirModeSet                   
00003899  GPIOIntClear                     
00003841  GPIOIntDisable                   
00003819  GPIOIntEnable                    
000038bb  GPIOIntRegister                  
00003869  GPIOIntStatus                    
00003329  GPIOIntTypeGet                   
0000322d  GPIOIntTypeSet                   
000038f9  GPIOIntUnregister                
000036a1  GPIOPadConfigGet                 
000033e7  GPIOPadConfigSet                 
00003f8f  GPIOPinConfigure                 
00003933  GPIOPinRead                      
0000398b  GPIOPinTypeADC                   
000039c1  GPIOPinTypeCAN                   
00003f49  GPIOPinTypeCIR                   
000039f7  GPIOPinTypeComparator            
00003a2d  GPIOPinTypeEPI                   
00003a63  GPIOPinTypeEthernetLED           
00003a99  GPIOPinTypeEthernetMII           
00003acf  GPIOPinTypeGPIOInput             
00003b05  GPIOPinTypeGPIOOutput            
00003b3b  GPIOPinTypeGPIOOutputOD          
00003b71  GPIOPinTypeI2C                   
00003ba7  GPIOPinTypeI2CSCL                
00003ed9  GPIOPinTypeKBColumn              
00003ea3  GPIOPinTypeKBRow                 
00003bdd  GPIOPinTypeLCD                   
00003f0f  GPIOPinTypeLEDSeq                
00003c13  GPIOPinTypeLPC                   
00003c4d  GPIOPinTypePECIRx                
00003c83  GPIOPinTypePECITx                
00003cb9  GPIOPinTypePWM                   
00003cef  GPIOPinTypeQEI                   
00003d25  GPIOPinTypeSSI                   
00003d5b  GPIOPinTypeTimer                 
00003d91  GPIOPinTypeUART                  
00003dc7  GPIOPinTypeUSBAnalog             
00003dfd  GPIOPinTypeUSBDigital            
00003e33  GPIOPinTypeWakeHigh              
00003e6b  GPIOPinTypeWakeLow               
00003f7f  GPIOPinWakeStatus                
0000395d  GPIOPinWrite                     
00007875  GPIO_Init                        
00004b03  I2CFIFODataGet                   
00004b2b  I2CFIFODataGetNonBlocking        
00004a9d  I2CFIFODataPut                   
00004acd  I2CFIFODataPutNonBlocking        
00004a7f  I2CFIFOStatus                    
00004395  I2CIntRegister                   
00004401  I2CIntUnregister                 
00004b91  I2CMasterBurstCountGet           
00004b5f  I2CMasterBurstLengthSet          
00004773  I2CMasterBusBusy                 
0000474d  I2CMasterBusy                    
00004799  I2CMasterControl                 
000048a5  I2CMasterDataGet                 
00004881  I2CMasterDataPut                 
00004321  I2CMasterDisable                 
000042d1  I2CMasterEnable                  
00004847  I2CMasterErr                     
00004bad  I2CMasterGlitchFilterConfigSet   
000041a1  I2CMasterInitExpClk              
00004663  I2CMasterIntClear                
0000468d  I2CMasterIntClearEx              
000044e1  I2CMasterIntDisable              
000044ff  I2CMasterIntDisableEx            
0000443d  I2CMasterIntEnable               
0000445b  I2CMasterIntEnableEx             
00004573  I2CMasterIntStatus               
000045bb  I2CMasterIntStatusEx             
00004731  I2CMasterLineStateGet            
000046ef  I2CMasterSlaveAddrSet            
000048c1  I2CMasterTimeoutSet              
00004a23  I2CRxFIFOConfigSet               
00004a59  I2CRxFIFOFlush                   
000048e5  I2CSlaveACKOverride              
00004925  I2CSlaveACKValueSet              
00004261  I2CSlaveAddressSet               
000049a9  I2CSlaveDataGet                  
00004983  I2CSlaveDataPut                  
00004345  I2CSlaveDisable                  
000042f5  I2CSlaveEnable                   
00004bf9  I2CSlaveFIFODisable              
00004bd3  I2CSlaveFIFOEnable               
00004223  I2CSlaveInit                     
000046ad  I2CSlaveIntClear                 
000046cd  I2CSlaveIntClearEx               
00004525  I2CSlaveIntDisable               
0000454b  I2CSlaveIntDisableEx             
00004489  I2CSlaveIntEnable                
000044b9  I2CSlaveIntEnableEx              
000045e7  I2CSlaveIntStatus                
00004633  I2CSlaveIntStatusEx              
00004965  I2CSlaveStatus                   
000049c7  I2CTxFIFOConfigSet               
000049fd  I2CTxFIFOFlush                   
00007b01  I2C_Init                         
00006e4d  IntDisable                       
00006dcf  IntEnable                        
00006ed5  IntIsEnabled                     
00006c33  IntMasterDisable                 
00006c23  IntMasterEnable                  
00006ff9  IntPendClear                     
00006f89  IntPendSet                       
00006d99  IntPriorityGet                   
00006cff  IntPriorityGroupingGet           
00006cd9  IntPriorityGroupingSet           
0000705f  IntPriorityMaskGet               
00007053  IntPriorityMaskSet               
00006d37  IntPrioritySet                   
00006c43  IntRegister                      
00007067  IntTrigger                       
00006cb9  IntUnregister                    
00007687  LEDRead                          
000070cf  LEDTask                          
000075f7  LEDWrite                         
00007173  LoggerTask                       
00007425  PinoutSet                        
000084b1  ResetISR                         
00002f2d  SysCtlAltClkConfig               
00002575  SysCtlClockFreqSet               
00002a71  SysCtlClockGet                   
00002ef5  SysCtlClockOutConfig             
000028a5  SysCtlClockSet                   
0000245d  SysCtlDeepSleep                  
00002c55  SysCtlDeepSleepClockConfigSet    
00002c39  SysCtlDeepSleepClockSet          
0000243d  SysCtlDeepSleepPowerSet          
000084bd  SysCtlDelay                      
00001d69  SysCtlFlashSectorSizeGet         
00001d3d  SysCtlFlashSizeGet               
00002e29  SysCtlGPIOAHBDisable             
00002da1  SysCtlGPIOAHBEnable              
00002351  SysCtlIntClear                   
00002339  SysCtlIntDisable                 
00002325  SysCtlIntEnable                  
00002301  SysCtlIntRegister                
00002361  SysCtlIntStatus                  
00002315  SysCtlIntUnregister              
00002423  SysCtlLDODeepSleepGet            
000023d5  SysCtlLDODeepSleepSet            
000023cb  SysCtlLDOSleepGet                
0000237d  SysCtlLDOSleepSet                
00002499  SysCtlMOSCConfigSet              
00002edb  SysCtlNMIClear                   
00002ed5  SysCtlNMIStatus                  
000024a9  SysCtlPIOSCCalibrate             
00002d6d  SysCtlPWMClockGet                
00002d01  SysCtlPWMClockSet                
000022ad  SysCtlPeripheralClockGating      
0000225f  SysCtlPeripheralDeepSleepDisable 
00002211  SysCtlPeripheralDeepSleepEnable  
0000211d  SysCtlPeripheralDisable          
000020b1  SysCtlPeripheralEnable           
00001f61  SysCtlPeripheralPowerOff         
00001edd  SysCtlPeripheralPowerOn          
00001dc9  SysCtlPeripheralPresent          
00001e55  SysCtlPeripheralReady            
0000200d  SysCtlPeripheralReset            
000021bd  SysCtlPeripheralSleepDisable     
0000216b  SysCtlPeripheralSleepEnable      
0000244d  SysCtlReset                      
00002509  SysCtlResetBehaviorGet           
000024f9  SysCtlResetBehaviorSet           
00002485  SysCtlResetCauseClear            
00002479  SysCtlResetCauseGet              
00001d33  SysCtlSRAMSizeGet                
00002455  SysCtlSleep                      
0000242d  SysCtlSleepPowerSet              
00002e9f  SysCtlUSBPLLDisable              
00002e93  SysCtlUSBPLLEnable               
00002ec1  SysCtlVoltageEventClear          
00002eab  SysCtlVoltageEventConfig         
00002ebb  SysCtlVoltageEventStatus         
00007841  TIMER_Init                       
000071e1  TemperatureTask                  
000060e3  UART9BitAddrSend                 
000060af  UART9BitAddrSet                  
0000608b  UART9BitDisable                  
00006067  UART9BitEnable                   
00005e11  UARTBreakCtl                     
00005e49  UARTBusy                         
00005d8b  UARTCharGet                      
00005d61  UARTCharGetNonBlocking           
00005de1  UARTCharPut                      
00005daf  UARTCharPutNonBlocking           
00005d09  UARTCharsAvail                   
00006049  UARTClockSourceGet               
00006013  UARTClockSourceSet               
00005991  UARTConfigGetExpClk              
000058b3  UARTConfigSetExpClk              
00005faf  UARTDMADisable                   
00005f89  UARTDMAEnable                    
00005a39  UARTDisable                      
00005af5  UARTDisableSIR                   
000059f1  UARTEnable                       
00005ab9  UARTEnableSIR                    
00005a95  UARTFIFODisable                  
00005a71  UARTFIFOEnable                   
00005877  UARTFIFOLevelGet                 
00005805  UARTFIFOLevelSet                 
00005c83  UARTFlowControlGet               
00005c47  UARTFlowControlSet               
00005f69  UARTIntClear                     
00005f13  UARTIntDisable                   
00005eed  UARTIntEnable                    
00005e75  UARTIntRegister                  
00005f39  UARTIntStatus                    
00005eb3  UARTIntUnregister                
00005bc1  UARTModemControlClear            
00005c05  UARTModemControlGet              
00005b7d  UARTModemControlSet              
00005c25  UARTModemStatusGet               
000057e7  UARTParityModeGet                
0000579b  UARTParityModeSet                
00005ff5  UARTRxErrorClear                 
00005fd5  UARTRxErrorGet                   
00005b59  UARTSmartCardDisable             
00005b19  UARTSmartCardEnable              
00005d35  UARTSpaceAvail                   
000066b5  UARTStdioConfig                  
00005ce5  UARTTxIntModeGet                 
00005ca3  UARTTxIntModeSet                 
00006891  UARTgetc                         
0000679f  UARTgets                         
00006beb  UARTprintf                       
000068c5  UARTvprintf                      
0000672f  UARTwrite                        
2000c928  __STACK_END                      
00000200  __STACK_SIZE                     
2000c928  __STACK_TOP                      
00008b10  __TI_CINIT_Base                  
00008b28  __TI_CINIT_Limit                 
00008af0  __TI_Handler_Table_Base          
00008afc  __TI_Handler_Table_Limit         
000082f9  __TI_auto_init_nobinit_nopinit   
00008291  __TI_decompress_lzss             
00008497  __TI_decompress_none             
ffffffff  __TI_pprof_out_hndl              
ffffffff  __TI_prof_data_size              
ffffffff  __TI_prof_data_start             
00000000  __TI_static_base__               
000084a5  __TI_zero_init                   
00008191  __aeabi_cdrcmple                 
0000833d  __aeabi_d2uiz                    
00007e93  __aeabi_dmul                     
00008435  __aeabi_i2d                      
00007f8f  __aeabi_idiv0                    
00007f8f  __aeabi_ldiv0                    
00008217  __aeabi_memclr                   
00008217  __aeabi_memclr4                  
00008217  __aeabi_memclr8                  
00008063  __aeabi_memcpy                   
00008063  __aeabi_memcpy4                  
00008063  __aeabi_memcpy8                  
00008219  __aeabi_memset                   
00008219  __aeabi_memset4                  
00008219  __aeabi_memset8                  
00008463  __aeabi_ui2d                     
00008381  __aeabi_uidiv                    
00008381  __aeabi_uidivmod                 
ffffffff  __binit__                        
ffffffff  __c_args__                       
000078b5  __error__                        
UNDEFED   __mpu_init                       
2000c728  __stack                          
00008401  _c_int00_noargs                  
UNDEFED   _system_post_cinit               
000084c3  _system_pre_init                 
2000c710  a_task                           
000084c7  abort                            
ffffffff  binit                            
00007749  configure_UART                   
0000057d  eTaskGetState                    
20000000  g_pfnRAMVectors                  
00000000  g_pfnVectors                     
00007b37  i2c_read                         
2000c714  led_signal                       
2000c718  log_m                            
00007785  main                             
00008063  memcpy                           
0000821f  memset                           
00005605  pcQueueGetName                   
00000b3f  pcTaskGetName                    
00006277  pcTimerGetName                   
00007949  pvPortMalloc                     
000014c7  pvTaskIncrementMutexHeldCount    
00006665  pvTimerGetTimerID                
2000c928  pxCurrentTCB                     
00007c3d  pxPortInitialiseStack            
000070b1  queue_create                     
2000c71c  queue_logger                     
00008483  strcpy                           
000072b9  temp_alert                       
00008101  temp_main                        
2000c720  temp_signal                      
0000727b  timerTask                        
00005385  ucQueueGetQueueType              
00008ad8  ulMaxSyscallInterruptPriority    
00007fa1  ulPortGetIPSR                    
000014df  ulTaskNotifyTake                 
00007e4b  uxListRemove                     
00005365  uxQueueGetQueueNumber            
00005307  uxQueueMessagesWaiting           
0000533d  uxQueueMessagesWaitingFromISR    
0000531d  uxQueueSpacesAvailable           
00000b39  uxTaskGetNumberOfTasks           
00000b65  uxTaskGetSystemState             
00001009  uxTaskGetTaskNumber              
00000611  uxTaskPriorityGet                
00000641  uxTaskPriorityGetFromISR         
000014a5  uxTaskResetEventItemValue        
00007d69  vListInitialise                  
00007d99  vListInitialiseItem              
00007de5  vListInsert                      
00007da9  vListInsertEnd                   
00008055  vPortEnableVFP                   
00007cdd  vPortEndScheduler                
00007cdf  vPortEnterCritical               
00007cff  vPortExitCritical                
00007a41  vPortFree                        
00007aa5  vPortInitialiseBlocks            
00008019  vPortSVCHandler                  
00007d3b  vPortSetupTimerInterrupt         
00008039  vPortStartFirstTask              
000055c3  vQueueAddToRegistry              
0000534f  vQueueDelete                     
00005373  vQueueSetQueueNumber             
00005645  vQueueUnregisterQueue            
00005689  vQueueWaitForMessageRestricted   
00000541  vTaskDelay                       
000004b1  vTaskDelayUntil                  
00000403  vTaskDelete                      
000009ff  vTaskEndScheduler                
0000111d  vTaskGetInfo                     
00000ff7  vTaskMissedYield                 
0000180b  vTaskNotifyGiveFromISR           
00000de5  vTaskPlaceOnEventList            
00000e2b  vTaskPlaceOnEventListRestricted  
00000e01  vTaskPlaceOnUnorderedEventList   
00001345  vTaskPriorityInherit             
0000068d  vTaskPrioritySet                 
000008a1  vTaskResume                      
00001029  vTaskSetTaskNumber               
00000f59  vTaskSetTimeOutState             
000009a9  vTaskStartScheduler              
000007a1  vTaskSuspend                     
00000a1b  vTaskSuspendAll                  
00000d7d  vTaskSwitchContext               
0000667f  vTimerSetTimerID                 
00007a9f  xPortGetFreeHeapSize             
00007fb9  xPortPendSVHandler               
00007ca7  xPortStartScheduler              
00007d15  xPortSysTickHandler              
00004e25  xQueueCreateCountingSemaphore    
00004d75  xQueueCreateMutex                
00004cbb  xQueueGenericCreate              
0000509d  xQueueGenericReceive             
00004c1d  xQueueGenericReset               
00004e45  xQueueGenericSend                
00004f71  xQueueGenericSendFromISR         
0000500b  xQueueGiveFromISR                
00004da1  xQueueGiveMutexRecursive         
0000555f  xQueueIsQueueEmptyFromISR        
000055a1  xQueueIsQueueFullFromISR         
000052b5  xQueuePeekFromISR                
0000521d  xQueueReceiveFromISR             
2000c620  xQueueRegistry                   
00004ddd  xQueueTakeMutexRecursive         
00000f7d  xTaskCheckForTimeOut             
00000209  xTaskCreate                      
00001615  xTaskGenericNotify               
00001701  xTaskGenericNotifyFromISR        
000012e5  xTaskGetCurrentTaskHandle        
000012f9  xTaskGetSchedulerState           
00000b15  xTaskGetTickCount                
00000b25  xTaskGetTickCountFromISR         
00000c59  xTaskIncrementTick               
000018b9  xTaskNotifyStateClear            
00001565  xTaskNotifyWait                  
00001407  xTaskPriorityDisinherit          
00000e65  xTaskRemoveFromEventList         
00000ee5  xTaskRemoveFromUnorderedEventList
00000a31  xTaskResumeAll                   
0000091b  xTaskResumeFromISR               
00006169  xTimerCreate                     
0000613d  xTimerCreateTimerTask            
000061dd  xTimerGenericCommand             
00006261  xTimerGetExpiryTime              
0000624f  xTimerGetPeriod                  
00006249  xTimerGetTimerDaemonTaskHandle   
00006639  xTimerIsTimerActive              


GLOBAL SYMBOLS: SORTED BY Symbol Address 

address   name                             
-------   ----                             
00000000  __TI_static_base__               
00000000  g_pfnVectors                     
00000200  __STACK_SIZE                     
00000209  xTaskCreate                      
00000403  vTaskDelete                      
000004b1  vTaskDelayUntil                  
00000541  vTaskDelay                       
0000057d  eTaskGetState                    
00000611  uxTaskPriorityGet                
00000641  uxTaskPriorityGetFromISR         
0000068d  vTaskPrioritySet                 
000007a1  vTaskSuspend                     
000008a1  vTaskResume                      
0000091b  xTaskResumeFromISR               
000009a9  vTaskStartScheduler              
000009ff  vTaskEndScheduler                
00000a1b  vTaskSuspendAll                  
00000a31  xTaskResumeAll                   
00000b15  xTaskGetTickCount                
00000b25  xTaskGetTickCountFromISR         
00000b39  uxTaskGetNumberOfTasks           
00000b3f  pcTaskGetName                    
00000b65  uxTaskGetSystemState             
00000c59  xTaskIncrementTick               
00000d7d  vTaskSwitchContext               
00000de5  vTaskPlaceOnEventList            
00000e01  vTaskPlaceOnUnorderedEventList   
00000e2b  vTaskPlaceOnEventListRestricted  
00000e65  xTaskRemoveFromEventList         
00000ee5  xTaskRemoveFromUnorderedEventList
00000f59  vTaskSetTimeOutState             
00000f7d  xTaskCheckForTimeOut             
00000ff7  vTaskMissedYield                 
00001009  uxTaskGetTaskNumber              
00001029  vTaskSetTaskNumber               
0000111d  vTaskGetInfo                     
000012e5  xTaskGetCurrentTaskHandle        
000012f9  xTaskGetSchedulerState           
00001345  vTaskPriorityInherit             
00001407  xTaskPriorityDisinherit          
000014a5  uxTaskResetEventItemValue        
000014c7  pvTaskIncrementMutexHeldCount    
000014df  ulTaskNotifyTake                 
00001565  xTaskNotifyWait                  
00001615  xTaskGenericNotify               
00001701  xTaskGenericNotifyFromISR        
0000180b  vTaskNotifyGiveFromISR           
000018b9  xTaskNotifyStateClear            
00001d33  SysCtlSRAMSizeGet                
00001d3d  SysCtlFlashSizeGet               
00001d69  SysCtlFlashSectorSizeGet         
00001dc9  SysCtlPeripheralPresent          
00001e55  SysCtlPeripheralReady            
00001edd  SysCtlPeripheralPowerOn          
00001f61  SysCtlPeripheralPowerOff         
0000200d  SysCtlPeripheralReset            
000020b1  SysCtlPeripheralEnable           
0000211d  SysCtlPeripheralDisable          
0000216b  SysCtlPeripheralSleepEnable      
000021bd  SysCtlPeripheralSleepDisable     
00002211  SysCtlPeripheralDeepSleepEnable  
0000225f  SysCtlPeripheralDeepSleepDisable 
000022ad  SysCtlPeripheralClockGating      
00002301  SysCtlIntRegister                
00002315  SysCtlIntUnregister              
00002325  SysCtlIntEnable                  
00002339  SysCtlIntDisable                 
00002351  SysCtlIntClear                   
00002361  SysCtlIntStatus                  
0000237d  SysCtlLDOSleepSet                
000023cb  SysCtlLDOSleepGet                
000023d5  SysCtlLDODeepSleepSet            
00002423  SysCtlLDODeepSleepGet            
0000242d  SysCtlSleepPowerSet              
0000243d  SysCtlDeepSleepPowerSet          
0000244d  SysCtlReset                      
00002455  SysCtlSleep                      
0000245d  SysCtlDeepSleep                  
00002479  SysCtlResetCauseGet              
00002485  SysCtlResetCauseClear            
00002499  SysCtlMOSCConfigSet              
000024a9  SysCtlPIOSCCalibrate             
000024f9  SysCtlResetBehaviorSet           
00002509  SysCtlResetBehaviorGet           
00002575  SysCtlClockFreqSet               
000028a5  SysCtlClockSet                   
00002a71  SysCtlClockGet                   
00002c39  SysCtlDeepSleepClockSet          
00002c55  SysCtlDeepSleepClockConfigSet    
00002d01  SysCtlPWMClockSet                
00002d6d  SysCtlPWMClockGet                
00002da1  SysCtlGPIOAHBEnable              
00002e29  SysCtlGPIOAHBDisable             
00002e93  SysCtlUSBPLLEnable               
00002e9f  SysCtlUSBPLLDisable              
00002eab  SysCtlVoltageEventConfig         
00002ebb  SysCtlVoltageEventStatus         
00002ec1  SysCtlVoltageEventClear          
00002ed5  SysCtlNMIStatus                  
00002edb  SysCtlNMIClear                   
00002ef5  SysCtlClockOutConfig             
00002f2d  SysCtlAltClkConfig               
000030dd  GPIODirModeSet                   
00003161  GPIODirModeGet                   
0000322d  GPIOIntTypeSet                   
00003329  GPIOIntTypeGet                   
000033e7  GPIOPadConfigSet                 
000036a1  GPIOPadConfigGet                 
00003819  GPIOIntEnable                    
00003841  GPIOIntDisable                   
00003869  GPIOIntStatus                    
00003899  GPIOIntClear                     
000038bb  GPIOIntRegister                  
000038f9  GPIOIntUnregister                
00003933  GPIOPinRead                      
0000395d  GPIOPinWrite                     
0000398b  GPIOPinTypeADC                   
000039c1  GPIOPinTypeCAN                   
000039f7  GPIOPinTypeComparator            
00003a2d  GPIOPinTypeEPI                   
00003a63  GPIOPinTypeEthernetLED           
00003a99  GPIOPinTypeEthernetMII           
00003acf  GPIOPinTypeGPIOInput             
00003b05  GPIOPinTypeGPIOOutput            
00003b3b  GPIOPinTypeGPIOOutputOD          
00003b71  GPIOPinTypeI2C                   
00003ba7  GPIOPinTypeI2CSCL                
00003bdd  GPIOPinTypeLCD                   
00003c13  GPIOPinTypeLPC                   
00003c4d  GPIOPinTypePECIRx                
00003c83  GPIOPinTypePECITx                
00003cb9  GPIOPinTypePWM                   
00003cef  GPIOPinTypeQEI                   
00003d25  GPIOPinTypeSSI                   
00003d5b  GPIOPinTypeTimer                 
00003d91  GPIOPinTypeUART                  
00003dc7  GPIOPinTypeUSBAnalog             
00003dfd  GPIOPinTypeUSBDigital            
00003e33  GPIOPinTypeWakeHigh              
00003e6b  GPIOPinTypeWakeLow               
00003ea3  GPIOPinTypeKBRow                 
00003ed9  GPIOPinTypeKBColumn              
00003f0f  GPIOPinTypeLEDSeq                
00003f49  GPIOPinTypeCIR                   
00003f7f  GPIOPinWakeStatus                
00003f8f  GPIOPinConfigure                 
00004015  GPIODMATriggerEnable             
00004041  GPIODMATriggerDisable            
0000406d  GPIOADCTriggerEnable             
00004099  GPIOADCTriggerDisable            
000041a1  I2CMasterInitExpClk              
00004223  I2CSlaveInit                     
00004261  I2CSlaveAddressSet               
000042d1  I2CMasterEnable                  
000042f5  I2CSlaveEnable                   
00004321  I2CMasterDisable                 
00004345  I2CSlaveDisable                  
00004395  I2CIntRegister                   
00004401  I2CIntUnregister                 
0000443d  I2CMasterIntEnable               
0000445b  I2CMasterIntEnableEx             
00004489  I2CSlaveIntEnable                
000044b9  I2CSlaveIntEnableEx              
000044e1  I2CMasterIntDisable              
000044ff  I2CMasterIntDisableEx            
00004525  I2CSlaveIntDisable               
0000454b  I2CSlaveIntDisableEx             
00004573  I2CMasterIntStatus               
000045bb  I2CMasterIntStatusEx             
000045e7  I2CSlaveIntStatus                
00004633  I2CSlaveIntStatusEx              
00004663  I2CMasterIntClear                
0000468d  I2CMasterIntClearEx              
000046ad  I2CSlaveIntClear                 
000046cd  I2CSlaveIntClearEx               
000046ef  I2CMasterSlaveAddrSet            
00004731  I2CMasterLineStateGet            
0000474d  I2CMasterBusy                    
00004773  I2CMasterBusBusy                 
00004799  I2CMasterControl                 
00004847  I2CMasterErr                     
00004881  I2CMasterDataPut                 
000048a5  I2CMasterDataGet                 
000048c1  I2CMasterTimeoutSet              
000048e5  I2CSlaveACKOverride              
00004925  I2CSlaveACKValueSet              
00004965  I2CSlaveStatus                   
00004983  I2CSlaveDataPut                  
000049a9  I2CSlaveDataGet                  
000049c7  I2CTxFIFOConfigSet               
000049fd  I2CTxFIFOFlush                   
00004a23  I2CRxFIFOConfigSet               
00004a59  I2CRxFIFOFlush                   
00004a7f  I2CFIFOStatus                    
00004a9d  I2CFIFODataPut                   
00004acd  I2CFIFODataPutNonBlocking        
00004b03  I2CFIFODataGet                   
00004b2b  I2CFIFODataGetNonBlocking        
00004b5f  I2CMasterBurstLengthSet          
00004b91  I2CMasterBurstCountGet           
00004bad  I2CMasterGlitchFilterConfigSet   
00004bd3  I2CSlaveFIFOEnable               
00004bf9  I2CSlaveFIFODisable              
00004c1d  xQueueGenericReset               
00004cbb  xQueueGenericCreate              
00004d75  xQueueCreateMutex                
00004da1  xQueueGiveMutexRecursive         
00004ddd  xQueueTakeMutexRecursive         
00004e25  xQueueCreateCountingSemaphore    
00004e45  xQueueGenericSend                
00004f71  xQueueGenericSendFromISR         
0000500b  xQueueGiveFromISR                
0000509d  xQueueGenericReceive             
0000521d  xQueueReceiveFromISR             
000052b5  xQueuePeekFromISR                
00005307  uxQueueMessagesWaiting           
0000531d  uxQueueSpacesAvailable           
0000533d  uxQueueMessagesWaitingFromISR    
0000534f  vQueueDelete                     
00005365  uxQueueGetQueueNumber            
00005373  vQueueSetQueueNumber             
00005385  ucQueueGetQueueType              
0000555f  xQueueIsQueueEmptyFromISR        
000055a1  xQueueIsQueueFullFromISR         
000055c3  vQueueAddToRegistry              
00005605  pcQueueGetName                   
00005645  vQueueUnregisterQueue            
00005689  vQueueWaitForMessageRestricted   
0000579b  UARTParityModeSet                
000057e7  UARTParityModeGet                
00005805  UARTFIFOLevelSet                 
00005877  UARTFIFOLevelGet                 
000058b3  UARTConfigSetExpClk              
00005991  UARTConfigGetExpClk              
000059f1  UARTEnable                       
00005a39  UARTDisable                      
00005a71  UARTFIFOEnable                   
00005a95  UARTFIFODisable                  
00005ab9  UARTEnableSIR                    
00005af5  UARTDisableSIR                   
00005b19  UARTSmartCardEnable              
00005b59  UARTSmartCardDisable             
00005b7d  UARTModemControlSet              
00005bc1  UARTModemControlClear            
00005c05  UARTModemControlGet              
00005c25  UARTModemStatusGet               
00005c47  UARTFlowControlSet               
00005c83  UARTFlowControlGet               
00005ca3  UARTTxIntModeSet                 
00005ce5  UARTTxIntModeGet                 
00005d09  UARTCharsAvail                   
00005d35  UARTSpaceAvail                   
00005d61  UARTCharGetNonBlocking           
00005d8b  UARTCharGet                      
00005daf  UARTCharPutNonBlocking           
00005de1  UARTCharPut                      
00005e11  UARTBreakCtl                     
00005e49  UARTBusy                         
00005e75  UARTIntRegister                  
00005eb3  UARTIntUnregister                
00005eed  UARTIntEnable                    
00005f13  UARTIntDisable                   
00005f39  UARTIntStatus                    
00005f69  UARTIntClear                     
00005f89  UARTDMAEnable                    
00005faf  UARTDMADisable                   
00005fd5  UARTRxErrorGet                   
00005ff5  UARTRxErrorClear                 
00006013  UARTClockSourceSet               
00006049  UARTClockSourceGet               
00006067  UART9BitEnable                   
0000608b  UART9BitDisable                  
000060af  UART9BitAddrSet                  
000060e3  UART9BitAddrSend                 
0000613d  xTimerCreateTimerTask            
00006169  xTimerCreate                     
000061dd  xTimerGenericCommand             
00006249  xTimerGetTimerDaemonTaskHandle   
0000624f  xTimerGetPeriod                  
00006261  xTimerGetExpiryTime              
00006277  pcTimerGetName                   
00006639  xTimerIsTimerActive              
00006665  pvTimerGetTimerID                
0000667f  vTimerSetTimerID                 
000066b5  UARTStdioConfig                  
0000672f  UARTwrite                        
0000679f  UARTgets                         
00006891  UARTgetc                         
000068c5  UARTvprintf                      
00006beb  UARTprintf                       
00006c23  IntMasterEnable                  
00006c33  IntMasterDisable                 
00006c43  IntRegister                      
00006cb9  IntUnregister                    
00006cd9  IntPriorityGroupingSet           
00006cff  IntPriorityGroupingGet           
00006d37  IntPrioritySet                   
00006d99  IntPriorityGet                   
00006dcf  IntEnable                        
00006e4d  IntDisable                       
00006ed5  IntIsEnabled                     
00006f89  IntPendSet                       
00006ff9  IntPendClear                     
00007053  IntPriorityMaskSet               
0000705f  IntPriorityMaskGet               
00007067  IntTrigger                       
000070b1  queue_create                     
000070cf  LEDTask                          
00007173  LoggerTask                       
000071e1  TemperatureTask                  
0000727b  timerTask                        
000072b9  temp_alert                       
00007425  PinoutSet                        
000075f7  LEDWrite                         
00007687  LEDRead                          
00007749  configure_UART                   
00007785  main                             
00007841  TIMER_Init                       
00007875  GPIO_Init                        
000078b5  __error__                        
00007949  pvPortMalloc                     
00007a41  vPortFree                        
00007a9f  xPortGetFreeHeapSize             
00007aa5  vPortInitialiseBlocks            
00007b01  I2C_Init                         
00007b37  i2c_read                         
00007c3d  pxPortInitialiseStack            
00007ca7  xPortStartScheduler              
00007cdd  vPortEndScheduler                
00007cdf  vPortEnterCritical               
00007cff  vPortExitCritical                
00007d15  xPortSysTickHandler              
00007d3b  vPortSetupTimerInterrupt         
00007d69  vListInitialise                  
00007d99  vListInitialiseItem              
00007da9  vListInsertEnd                   
00007de5  vListInsert                      
00007e4b  uxListRemove                     
00007e93  __aeabi_dmul                     
00007f8f  __aeabi_idiv0                    
00007f8f  __aeabi_ldiv0                    
00007fa1  ulPortGetIPSR                    
00007fb9  xPortPendSVHandler               
00008019  vPortSVCHandler                  
00008039  vPortStartFirstTask              
00008055  vPortEnableVFP                   
00008063  __aeabi_memcpy                   
00008063  __aeabi_memcpy4                  
00008063  __aeabi_memcpy8                  
00008063  memcpy                           
00008101  temp_main                        
00008191  __aeabi_cdrcmple                 
00008217  __aeabi_memclr                   
00008217  __aeabi_memclr4                  
00008217  __aeabi_memclr8                  
00008219  __aeabi_memset                   
00008219  __aeabi_memset4                  
00008219  __aeabi_memset8                  
0000821f  memset                           
00008291  __TI_decompress_lzss             
000082f9  __TI_auto_init_nobinit_nopinit   
0000833d  __aeabi_d2uiz                    
00008381  __aeabi_uidiv                    
00008381  __aeabi_uidivmod                 
000083c1  CPUcpsid                         
000083cd  CPUprimask                       
000083d7  CPUcpsie                         
000083e3  CPUwfi                           
000083e7  CPUbasepriSet                    
000083f5  CPUbasepriGet                    
00008401  _c_int00_noargs                  
00008435  __aeabi_i2d                      
00008463  __aeabi_ui2d                     
00008483  strcpy                           
00008497  __TI_decompress_none             
000084a5  __TI_zero_init                   
000084b1  ResetISR                         
000084bd  SysCtlDelay                      
000084c3  _system_pre_init                 
000084c7  C$$EXIT                          
000084c7  abort                            
00008ad8  ulMaxSyscallInterruptPriority    
00008af0  __TI_Handler_Table_Base          
00008afc  __TI_Handler_Table_Limit         
00008b10  __TI_CINIT_Base                  
00008b28  __TI_CINIT_Limit                 
20000000  g_pfnRAMVectors                  
2000c620  xQueueRegistry                   
2000c710  a_task                           
2000c714  led_signal                       
2000c718  log_m                            
2000c71c  queue_logger                     
2000c720  temp_signal                      
2000c728  __stack                          
2000c928  __STACK_END                      
2000c928  __STACK_TOP                      
2000c928  pxCurrentTCB                     
ffffffff  __TI_pprof_out_hndl              
ffffffff  __TI_prof_data_size              
ffffffff  __TI_prof_data_start             
ffffffff  __binit__                        
ffffffff  __c_args__                       
ffffffff  binit                            
UNDEFED   __mpu_init                       
UNDEFED   _system_post_cinit               

[405 symbols]
