<?xml version="1.0" encoding="ISO-8859-1" ?>
<link_info>
   <banner>TI ARM Linker PC v18.12.1.LTS</banner>
   <copyright>Copyright (c) 1996-2018 Texas Instruments Incorporated</copyright>
   <link_time>0x5caea44f</link_time>
   <link_errors>0x0</link_errors>
   <output_file>FreeRTOS_tiva_demo.out</output_file>
   <entry_point>
      <name>_c_int00_noargs</name>
      <address>0x8401</address>
   </entry_point>
   <input_file_list>
      <input_file id="fl-2">
         <path>.\</path>
         <kind>object</kind>
         <file>harry_i2c.obj</file>
         <name>harry_i2c.obj</name>
      </input_file>
      <input_file id="fl-3">
         <path>.\</path>
         <kind>object</kind>
         <file>main.obj</file>
         <name>main.obj</name>
      </input_file>
      <input_file id="fl-4">
         <path>.\</path>
         <kind>object</kind>
         <file>temperature.obj</file>
         <name>temperature.obj</name>
      </input_file>
      <input_file id="fl-5">
         <path>.\</path>
         <kind>object</kind>
         <file>threads.obj</file>
         <name>threads.obj</name>
      </input_file>
      <input_file id="fl-6">
         <path>.\</path>
         <kind>object</kind>
         <file>tm4c1294ncpdt_startup_ccs.obj</file>
         <name>tm4c1294ncpdt_startup_ccs.obj</name>
      </input_file>
      <input_file id="fl-7">
         <path>.\FreeRTOS\</path>
         <kind>object</kind>
         <file>croutine.obj</file>
         <name>croutine.obj</name>
      </input_file>
      <input_file id="fl-8">
         <path>.\FreeRTOS\</path>
         <kind>object</kind>
         <file>event_groups.obj</file>
         <name>event_groups.obj</name>
      </input_file>
      <input_file id="fl-9">
         <path>.\FreeRTOS\</path>
         <kind>object</kind>
         <file>list.obj</file>
         <name>list.obj</name>
      </input_file>
      <input_file id="fl-a">
         <path>.\FreeRTOS\</path>
         <kind>object</kind>
         <file>queue.obj</file>
         <name>queue.obj</name>
      </input_file>
      <input_file id="fl-b">
         <path>.\FreeRTOS\</path>
         <kind>object</kind>
         <file>tasks.obj</file>
         <name>tasks.obj</name>
      </input_file>
      <input_file id="fl-c">
         <path>.\FreeRTOS\</path>
         <kind>object</kind>
         <file>timers.obj</file>
         <name>timers.obj</name>
      </input_file>
      <input_file id="fl-d">
         <path>.\FreeRTOS\portable\CCS\ARM_CM4F\</path>
         <kind>object</kind>
         <file>port.obj</file>
         <name>port.obj</name>
      </input_file>
      <input_file id="fl-e">
         <path>.\FreeRTOS\portable\CCS\ARM_CM4F\</path>
         <kind>object</kind>
         <file>portasm.obj</file>
         <name>portasm.obj</name>
      </input_file>
      <input_file id="fl-f">
         <path>.\FreeRTOS\portable\MemMang\</path>
         <kind>object</kind>
         <file>heap_2.obj</file>
         <name>heap_2.obj</name>
      </input_file>
      <input_file id="fl-10">
         <path>.\driverlib\</path>
         <kind>object</kind>
         <file>adc.obj</file>
         <name>adc.obj</name>
      </input_file>
      <input_file id="fl-11">
         <path>.\driverlib\</path>
         <kind>object</kind>
         <file>aes.obj</file>
         <name>aes.obj</name>
      </input_file>
      <input_file id="fl-12">
         <path>.\driverlib\</path>
         <kind>object</kind>
         <file>can.obj</file>
         <name>can.obj</name>
      </input_file>
      <input_file id="fl-13">
         <path>.\driverlib\</path>
         <kind>object</kind>
         <file>comp.obj</file>
         <name>comp.obj</name>
      </input_file>
      <input_file id="fl-14">
         <path>.\driverlib\</path>
         <kind>object</kind>
         <file>cpu.obj</file>
         <name>cpu.obj</name>
      </input_file>
      <input_file id="fl-15">
         <path>.\driverlib\</path>
         <kind>object</kind>
         <file>crc.obj</file>
         <name>crc.obj</name>
      </input_file>
      <input_file id="fl-16">
         <path>.\driverlib\</path>
         <kind>object</kind>
         <file>des.obj</file>
         <name>des.obj</name>
      </input_file>
      <input_file id="fl-17">
         <path>.\driverlib\</path>
         <kind>object</kind>
         <file>eeprom.obj</file>
         <name>eeprom.obj</name>
      </input_file>
      <input_file id="fl-18">
         <path>.\driverlib\</path>
         <kind>object</kind>
         <file>emac.obj</file>
         <name>emac.obj</name>
      </input_file>
      <input_file id="fl-19">
         <path>.\driverlib\</path>
         <kind>object</kind>
         <file>epi.obj</file>
         <name>epi.obj</name>
      </input_file>
      <input_file id="fl-1a">
         <path>.\driverlib\</path>
         <kind>object</kind>
         <file>epi_workaround_ccs.obj</file>
         <name>epi_workaround_ccs.obj</name>
      </input_file>
      <input_file id="fl-1b">
         <path>.\driverlib\</path>
         <kind>object</kind>
         <file>flash.obj</file>
         <name>flash.obj</name>
      </input_file>
      <input_file id="fl-1c">
         <path>.\driverlib\</path>
         <kind>object</kind>
         <file>fpu.obj</file>
         <name>fpu.obj</name>
      </input_file>
      <input_file id="fl-1d">
         <path>.\driverlib\</path>
         <kind>object</kind>
         <file>gpio.obj</file>
         <name>gpio.obj</name>
      </input_file>
      <input_file id="fl-1e">
         <path>.\driverlib\</path>
         <kind>object</kind>
         <file>hibernate.obj</file>
         <name>hibernate.obj</name>
      </input_file>
      <input_file id="fl-1f">
         <path>.\driverlib\</path>
         <kind>object</kind>
         <file>i2c.obj</file>
         <name>i2c.obj</name>
      </input_file>
      <input_file id="fl-20">
         <path>.\driverlib\</path>
         <kind>object</kind>
         <file>interrupt.obj</file>
         <name>interrupt.obj</name>
      </input_file>
      <input_file id="fl-21">
         <path>.\driverlib\</path>
         <kind>object</kind>
         <file>lcd.obj</file>
         <name>lcd.obj</name>
      </input_file>
      <input_file id="fl-22">
         <path>.\driverlib\</path>
         <kind>object</kind>
         <file>mpu.obj</file>
         <name>mpu.obj</name>
      </input_file>
      <input_file id="fl-23">
         <path>.\driverlib\</path>
         <kind>object</kind>
         <file>pwm.obj</file>
         <name>pwm.obj</name>
      </input_file>
      <input_file id="fl-24">
         <path>.\driverlib\</path>
         <kind>object</kind>
         <file>qei.obj</file>
         <name>qei.obj</name>
      </input_file>
      <input_file id="fl-25">
         <path>.\driverlib\</path>
         <kind>object</kind>
         <file>shamd5.obj</file>
         <name>shamd5.obj</name>
      </input_file>
      <input_file id="fl-26">
         <path>.\driverlib\</path>
         <kind>object</kind>
         <file>ssi.obj</file>
         <name>ssi.obj</name>
      </input_file>
      <input_file id="fl-27">
         <path>.\driverlib\</path>
         <kind>object</kind>
         <file>sw_crc.obj</file>
         <name>sw_crc.obj</name>
      </input_file>
      <input_file id="fl-28">
         <path>.\driverlib\</path>
         <kind>object</kind>
         <file>sysctl.obj</file>
         <name>sysctl.obj</name>
      </input_file>
      <input_file id="fl-29">
         <path>.\driverlib\</path>
         <kind>object</kind>
         <file>sysexc.obj</file>
         <name>sysexc.obj</name>
      </input_file>
      <input_file id="fl-2a">
         <path>.\driverlib\</path>
         <kind>object</kind>
         <file>systick.obj</file>
         <name>systick.obj</name>
      </input_file>
      <input_file id="fl-2b">
         <path>.\driverlib\</path>
         <kind>object</kind>
         <file>timer.obj</file>
         <name>timer.obj</name>
      </input_file>
      <input_file id="fl-2c">
         <path>.\driverlib\</path>
         <kind>object</kind>
         <file>uart.obj</file>
         <name>uart.obj</name>
      </input_file>
      <input_file id="fl-2d">
         <path>.\driverlib\</path>
         <kind>object</kind>
         <file>udma.obj</file>
         <name>udma.obj</name>
      </input_file>
      <input_file id="fl-2e">
         <path>.\driverlib\</path>
         <kind>object</kind>
         <file>usb.obj</file>
         <name>usb.obj</name>
      </input_file>
      <input_file id="fl-2f">
         <path>.\driverlib\</path>
         <kind>object</kind>
         <file>watchdog.obj</file>
         <name>watchdog.obj</name>
      </input_file>
      <input_file id="fl-30">
         <path>.\drivers\</path>
         <kind>object</kind>
         <file>pinout.obj</file>
         <name>pinout.obj</name>
      </input_file>
      <input_file id="fl-31">
         <path>.\utils\</path>
         <kind>object</kind>
         <file>uartstdio.obj</file>
         <name>uartstdio.obj</name>
      </input_file>
      <input_file id="fl-35">
         <kind>object</kind>
         <file>&lt;internal&gt;</file>
         <name>&lt;internal&gt;</name>
      </input_file>
      <input_file id="fl-eb">
         <path>C:\ti\ccs901\ccs\tools\compiler\ti-cgt-arm_18.12.1.LTS\lib\</path>
         <kind>archive</kind>
         <file>rtsv7M4_T_le_v4SPD16_eabi.lib</file>
         <name>fd_cmp_t2.asm.obj</name>
      </input_file>
      <input_file id="fl-ec">
         <path>C:\ti\ccs901\ccs\tools\compiler\ti-cgt-arm_18.12.1.LTS\lib\</path>
         <kind>archive</kind>
         <file>rtsv7M4_T_le_v4SPD16_eabi.lib</file>
         <name>fd_mul_t2.asm.obj</name>
      </input_file>
      <input_file id="fl-ed">
         <path>C:\ti\ccs901\ccs\tools\compiler\ti-cgt-arm_18.12.1.LTS\lib\</path>
         <kind>archive</kind>
         <file>rtsv7M4_T_le_v4SPD16_eabi.lib</file>
         <name>fd_tou_t2.asm.obj</name>
      </input_file>
      <input_file id="fl-ee">
         <path>C:\ti\ccs901\ccs\tools\compiler\ti-cgt-arm_18.12.1.LTS\lib\</path>
         <kind>archive</kind>
         <file>rtsv7M4_T_le_v4SPD16_eabi.lib</file>
         <name>i_tofd_t2.asm.obj</name>
      </input_file>
      <input_file id="fl-ef">
         <path>C:\ti\ccs901\ccs\tools\compiler\ti-cgt-arm_18.12.1.LTS\lib\</path>
         <kind>archive</kind>
         <file>rtsv7M4_T_le_v4SPD16_eabi.lib</file>
         <name>memcpy_t2.asm.obj</name>
      </input_file>
      <input_file id="fl-f0">
         <path>C:\ti\ccs901\ccs\tools\compiler\ti-cgt-arm_18.12.1.LTS\lib\</path>
         <kind>archive</kind>
         <file>rtsv7M4_T_le_v4SPD16_eabi.lib</file>
         <name>u_tofd_t2.asm.obj</name>
      </input_file>
      <input_file id="fl-f1">
         <path>C:\ti\ccs901\ccs\tools\compiler\ti-cgt-arm_18.12.1.LTS\lib\</path>
         <kind>archive</kind>
         <file>rtsv7M4_T_le_v4SPD16_eabi.lib</file>
         <name>u_divt2.asm.obj</name>
      </input_file>
      <input_file id="fl-f2">
         <path>C:\ti\ccs901\ccs\tools\compiler\ti-cgt-arm_18.12.1.LTS\lib\</path>
         <kind>archive</kind>
         <file>rtsv7M4_T_le_v4SPD16_eabi.lib</file>
         <name>memset_t2.asm.obj</name>
      </input_file>
      <input_file id="fl-f3">
         <path>C:\ti\ccs901\ccs\tools\compiler\ti-cgt-arm_18.12.1.LTS\lib\</path>
         <kind>archive</kind>
         <file>rtsv7M4_T_le_v4SPD16_eabi.lib</file>
         <name>copy_zero_init.c.obj</name>
      </input_file>
      <input_file id="fl-f4">
         <path>C:\ti\ccs901\ccs\tools\compiler\ti-cgt-arm_18.12.1.LTS\lib\</path>
         <kind>archive</kind>
         <file>rtsv7M4_T_le_v4SPD16_eabi.lib</file>
         <name>copy_decompress_none.c.obj</name>
      </input_file>
      <input_file id="fl-f5">
         <path>C:\ti\ccs901\ccs\tools\compiler\ti-cgt-arm_18.12.1.LTS\lib\</path>
         <kind>archive</kind>
         <file>rtsv7M4_T_le_v4SPD16_eabi.lib</file>
         <name>copy_decompress_lzss.c.obj</name>
      </input_file>
      <input_file id="fl-f6">
         <path>C:\ti\ccs901\ccs\tools\compiler\ti-cgt-arm_18.12.1.LTS\lib\</path>
         <kind>archive</kind>
         <file>rtsv7M4_T_le_v4SPD16_eabi.lib</file>
         <name>strcpy.c.obj</name>
      </input_file>
      <input_file id="fl-f7">
         <path>C:\ti\ccs901\ccs\tools\compiler\ti-cgt-arm_18.12.1.LTS\lib\</path>
         <kind>archive</kind>
         <file>rtsv7M4_T_le_v4SPD16_eabi.lib</file>
         <name>boot_cortex_m.c.obj</name>
      </input_file>
      <input_file id="fl-f8">
         <path>C:\ti\ccs901\ccs\tools\compiler\ti-cgt-arm_18.12.1.LTS\lib\</path>
         <kind>archive</kind>
         <file>rtsv7M4_T_le_v4SPD16_eabi.lib</file>
         <name>div0.asm.obj</name>
      </input_file>
      <input_file id="fl-f9">
         <path>C:\ti\ccs901\ccs\tools\compiler\ti-cgt-arm_18.12.1.LTS\lib\</path>
         <kind>archive</kind>
         <file>rtsv7M4_T_le_v4SPD16_eabi.lib</file>
         <name>autoinit.c.obj</name>
      </input_file>
      <input_file id="fl-fa">
         <path>C:\ti\ccs901\ccs\tools\compiler\ti-cgt-arm_18.12.1.LTS\lib\</path>
         <kind>archive</kind>
         <file>rtsv7M4_T_le_v4SPD16_eabi.lib</file>
         <name>pre_init.c.obj</name>
      </input_file>
      <input_file id="fl-fb">
         <path>C:\ti\ccs901\ccs\tools\compiler\ti-cgt-arm_18.12.1.LTS\lib\</path>
         <kind>archive</kind>
         <file>rtsv7M4_T_le_v4SPD16_eabi.lib</file>
         <name>cpy_tbl.c.obj</name>
      </input_file>
      <input_file id="fl-fc">
         <path>C:\ti\ccs901\ccs\tools\compiler\ti-cgt-arm_18.12.1.LTS\lib\</path>
         <kind>archive</kind>
         <file>rtsv7M4_T_le_v4SPD16_eabi.lib</file>
         <name>exit.c.obj</name>
      </input_file>
      <input_file id="fl-fd">
         <path>C:\ti\ccs901\ccs\tools\compiler\ti-cgt-arm_18.12.1.LTS\lib\</path>
         <kind>archive</kind>
         <file>rtsv7M4_T_le_v4SPD16_eabi.lib</file>
         <name>_lock.c.obj</name>
      </input_file>
      <input_file id="fl-fe">
         <path>C:\ti\ccs901\ccs\tools\compiler\ti-cgt-arm_18.12.1.LTS\lib\</path>
         <kind>archive</kind>
         <file>rtsv7M4_T_le_v4SPD16_eabi.lib</file>
         <name>args_main.c.obj</name>
      </input_file>
   </input_file_list>
   <object_component_list>
      <object_component id="oc-f">
         <name>.intvecs</name>
         <load_address>0x0</load_address>
         <run_address>0x0</run_address>
         <size>0x208</size>
         <input_file_ref idref="fl-6"/>
      </object_component>
      <object_component id="oc-7c">
         <name>.text</name>
         <load_address>0x208</load_address>
         <run_address>0x208</run_address>
         <size>0x17b0</size>
         <input_file_ref idref="fl-b"/>
      </object_component>
      <object_component id="oc-12f">
         <name>.text</name>
         <load_address>0x19b8</load_address>
         <run_address>0x19b8</run_address>
         <size>0x15cc</size>
         <input_file_ref idref="fl-28"/>
      </object_component>
      <object_component id="oc-135">
         <name>.text</name>
         <load_address>0x2f84</load_address>
         <run_address>0x2f84</run_address>
         <size>0x114c</size>
         <input_file_ref idref="fl-1d"/>
      </object_component>
      <object_component id="oc-26a">
         <name>.text</name>
         <load_address>0x40d0</load_address>
         <run_address>0x40d0</run_address>
         <size>0xb4c</size>
         <input_file_ref idref="fl-1f"/>
      </object_component>
      <object_component id="oc-147">
         <name>.text</name>
         <load_address>0x4c1c</load_address>
         <run_address>0x4c1c</run_address>
         <size>0xad0</size>
         <input_file_ref idref="fl-a"/>
      </object_component>
      <object_component id="oc-13b">
         <name>.text</name>
         <load_address>0x56ec</load_address>
         <run_address>0x56ec</run_address>
         <size>0xa50</size>
         <input_file_ref idref="fl-2c"/>
      </object_component>
      <object_component id="oc-f8">
         <name>.text</name>
         <load_address>0x613c</load_address>
         <run_address>0x613c</run_address>
         <size>0x578</size>
         <input_file_ref idref="fl-c"/>
      </object_component>
      <object_component id="oc-141">
         <name>.text</name>
         <load_address>0x66b4</load_address>
         <run_address>0x66b4</run_address>
         <size>0x56c</size>
         <input_file_ref idref="fl-31"/>
      </object_component>
      <object_component id="oc-1f9">
         <name>.text</name>
         <load_address>0x6c20</load_address>
         <run_address>0x6c20</run_address>
         <size>0x490</size>
         <input_file_ref idref="fl-20"/>
      </object_component>
      <object_component id="oc-153">
         <name>.text</name>
         <load_address>0x70b0</load_address>
         <run_address>0x70b0</run_address>
         <size>0x374</size>
         <input_file_ref idref="fl-5"/>
      </object_component>
      <object_component id="oc-14d">
         <name>.text</name>
         <load_address>0x7424</load_address>
         <run_address>0x7424</run_address>
         <size>0x324</size>
         <input_file_ref idref="fl-30"/>
      </object_component>
      <object_component id="oc-c4">
         <name>.text</name>
         <load_address>0x7748</load_address>
         <run_address>0x7748</run_address>
         <size>0x200</size>
         <input_file_ref idref="fl-3"/>
      </object_component>
      <object_component id="oc-e0">
         <name>.text</name>
         <load_address>0x7948</load_address>
         <run_address>0x7948</run_address>
         <size>0x1b8</size>
         <input_file_ref idref="fl-f"/>
      </object_component>
      <object_component id="oc-159">
         <name>.text</name>
         <load_address>0x7b00</load_address>
         <run_address>0x7b00</run_address>
         <size>0x13c</size>
         <input_file_ref idref="fl-2"/>
      </object_component>
      <object_component id="oc-2f">
         <name>.text</name>
         <load_address>0x7c3c</load_address>
         <run_address>0x7c3c</run_address>
         <size>0x12c</size>
         <input_file_ref idref="fl-d"/>
      </object_component>
      <object_component id="oc-e6">
         <name>.text</name>
         <load_address>0x7d68</load_address>
         <run_address>0x7d68</run_address>
         <size>0x12a</size>
         <input_file_ref idref="fl-9"/>
      </object_component>
      <object_component id="oc-311">
         <name>.text</name>
         <load_address>0x7e92</load_address>
         <run_address>0x7e92</run_address>
         <size>0xfc</size>
         <input_file_ref idref="fl-ec"/>
      </object_component>
      <object_component id="oc-2f4">
         <name>.text</name>
         <load_address>0x7f8e</load_address>
         <run_address>0x7f8e</run_address>
         <size>0x2</size>
         <input_file_ref idref="fl-f8"/>
      </object_component>
      <object_component id="oc-2a">
         <name>.text</name>
         <load_address>0x7f90</load_address>
         <run_address>0x7f90</run_address>
         <size>0xd2</size>
         <input_file_ref idref="fl-e"/>
      </object_component>
      <object_component id="oc-43">
         <name>.text</name>
         <load_address>0x8062</load_address>
         <run_address>0x8062</run_address>
         <size>0x9c</size>
         <input_file_ref idref="fl-ef"/>
      </object_component>
      <object_component id="oc-257">
         <name>.text</name>
         <load_address>0x8100</load_address>
         <run_address>0x8100</run_address>
         <size>0x90</size>
         <input_file_ref idref="fl-4"/>
      </object_component>
      <object_component id="oc-25d">
         <name>.text:__aeabi_cdrcmple</name>
         <load_address>0x8190</load_address>
         <run_address>0x8190</run_address>
         <size>0x86</size>
         <input_file_ref idref="fl-eb"/>
      </object_component>
      <object_component id="oc-b8">
         <name>.text</name>
         <load_address>0x8216</load_address>
         <run_address>0x8216</run_address>
         <size>0x7a</size>
         <input_file_ref idref="fl-f2"/>
      </object_component>
      <object_component id="oc-12">
         <name>.text:decompress:lzss:__TI_decompress_lzss</name>
         <load_address>0x8290</load_address>
         <run_address>0x8290</run_address>
         <size>0x68</size>
         <input_file_ref idref="fl-f5"/>
      </object_component>
      <object_component id="oc-179">
         <name>.text:__TI_auto_init_nobinit_nopinit:__TI_auto_init_nobinit_nopinit</name>
         <load_address>0x82f8</load_address>
         <run_address>0x82f8</run_address>
         <size>0x44</size>
         <input_file_ref idref="fl-f9"/>
      </object_component>
      <object_component id="oc-252">
         <name>.text</name>
         <load_address>0x833c</load_address>
         <run_address>0x833c</run_address>
         <size>0x44</size>
         <input_file_ref idref="fl-ed"/>
      </object_component>
      <object_component id="oc-232">
         <name>.text</name>
         <load_address>0x8380</load_address>
         <run_address>0x8380</run_address>
         <size>0x40</size>
         <input_file_ref idref="fl-f1"/>
      </object_component>
      <object_component id="oc-1ff">
         <name>.text</name>
         <load_address>0x83c0</load_address>
         <run_address>0x83c0</run_address>
         <size>0x3e</size>
         <input_file_ref idref="fl-14"/>
      </object_component>
      <object_component id="oc-61">
         <name>.text:_c_int00_noargs:_c_int00_noargs</name>
         <load_address>0x8400</load_address>
         <run_address>0x8400</run_address>
         <size>0x34</size>
         <input_file_ref idref="fl-f7"/>
      </object_component>
      <object_component id="oc-30c">
         <name>.text</name>
         <load_address>0x8434</load_address>
         <run_address>0x8434</run_address>
         <size>0x2e</size>
         <input_file_ref idref="fl-ee"/>
      </object_component>
      <object_component id="oc-24d">
         <name>.text</name>
         <load_address>0x8462</load_address>
         <run_address>0x8462</run_address>
         <size>0x20</size>
         <input_file_ref idref="fl-f0"/>
      </object_component>
      <object_component id="oc-247">
         <name>.text:strcpy</name>
         <load_address>0x8482</load_address>
         <run_address>0x8482</run_address>
         <size>0x14</size>
         <input_file_ref idref="fl-f6"/>
      </object_component>
      <object_component id="oc-18">
         <name>.text:decompress:none:__TI_decompress_none</name>
         <load_address>0x8496</load_address>
         <run_address>0x8496</run_address>
         <size>0xe</size>
         <input_file_ref idref="fl-f4"/>
      </object_component>
      <object_component id="oc-55">
         <name>.text:decompress:ZI:__TI_zero_init</name>
         <load_address>0x84a4</load_address>
         <run_address>0x84a4</run_address>
         <size>0xc</size>
         <input_file_ref idref="fl-f3"/>
      </object_component>
      <object_component id="oc-24">
         <name>.text</name>
         <load_address>0x84b0</load_address>
         <run_address>0x84b0</run_address>
         <size>0xc</size>
         <input_file_ref idref="fl-6"/>
      </object_component>
      <object_component id="oc-20e">
         <name>.text:SysCtlDelay</name>
         <load_address>0x84bc</load_address>
         <run_address>0x84bc</run_address>
         <size>0x6</size>
         <input_file_ref idref="fl-28"/>
      </object_component>
      <object_component id="oc-be">
         <name>.text:_system_pre_init</name>
         <load_address>0x84c2</load_address>
         <run_address>0x84c2</run_address>
         <size>0x4</size>
         <input_file_ref idref="fl-fa"/>
      </object_component>
      <object_component id="oc-16d">
         <name>.text:abort:abort</name>
         <load_address>0x84c6</load_address>
         <run_address>0x84c6</run_address>
         <size>0x4</size>
         <input_file_ref idref="fl-fc"/>
      </object_component>
      <object_component id="oc-208">
         <name>.const:g_pppui32XTALtoVCO</name>
         <load_address>0x84cc</load_address>
         <run_address>0x84cc</run_address>
         <size>0x120</size>
         <input_file_ref idref="fl-28"/>
      </object_component>
      <object_component id="oc-216">
         <name>.const:g_ppui32GPIOIntMapBlizzard</name>
         <load_address>0x85ec</load_address>
         <run_address>0x85ec</run_address>
         <size>0xc0</size>
         <input_file_ref idref="fl-1d"/>
      </object_component>
      <object_component id="oc-219">
         <name>.const:g_ppui32GPIOIntMapSnowflake</name>
         <load_address>0x86ac</load_address>
         <run_address>0x86ac</run_address>
         <size>0xc0</size>
         <input_file_ref idref="fl-1d"/>
      </object_component>
      <object_component id="oc-2c2">
         <name>.const:g_pui32Regs</name>
         <load_address>0x876c</load_address>
         <run_address>0x876c</run_address>
         <size>0x9c</size>
         <input_file_ref idref="fl-20"/>
      </object_component>
      <object_component id="oc-21c">
         <name>.const:g_pui32GPIOBaseAddrs</name>
         <load_address>0x8808</load_address>
         <run_address>0x8808</run_address>
         <size>0x90</size>
         <input_file_ref idref="fl-1d"/>
      </object_component>
      <object_component id="oc-205">
         <name>.const:g_pui32Xtals</name>
         <load_address>0x8898</load_address>
         <run_address>0x8898</run_address>
         <size>0x6c</size>
         <input_file_ref idref="fl-28"/>
      </object_component>
      <object_component id="oc-31b">
         <name>.const:g_ppui32I2CIntMapSnowflake</name>
         <load_address>0x8904</load_address>
         <run_address>0x8904</run_address>
         <size>0x50</size>
         <input_file_ref idref="fl-1f"/>
      </object_component>
      <object_component id="oc-221">
         <name>.const:g_ppui32UARTIntMap</name>
         <load_address>0x8954</load_address>
         <run_address>0x8954</run_address>
         <size>0x40</size>
         <input_file_ref idref="fl-2c"/>
      </object_component>
      <object_component id="oc-224">
         <name>.const:g_ppui32UARTIntMapSnowflake</name>
         <load_address>0x8994</load_address>
         <run_address>0x8994</run_address>
         <size>0x40</size>
         <input_file_ref idref="fl-2c"/>
      </object_component>
      <object_component id="oc-318">
         <name>.const:g_ppui32I2CIntMap</name>
         <load_address>0x89d4</load_address>
         <run_address>0x89d4</run_address>
         <size>0x30</size>
         <input_file_ref idref="fl-1f"/>
      </object_component>
      <object_component id="oc-1f6">
         <name>.const:g_sXTALtoMEMTIM</name>
         <load_address>0x8a04</load_address>
         <run_address>0x8a04</run_address>
         <size>0x30</size>
         <input_file_ref idref="fl-28"/>
      </object_component>
      <object_component id="oc-2bf">
         <name>.const:g_pui32Priority</name>
         <load_address>0x8a34</load_address>
         <run_address>0x8a34</run_address>
         <size>0x20</size>
         <input_file_ref idref="fl-20"/>
      </object_component>
      <object_component id="oc-2c8">
         <name>.const:g_pui32Dii16Regs</name>
         <load_address>0x8a54</load_address>
         <run_address>0x8a54</run_address>
         <size>0x14</size>
         <input_file_ref idref="fl-20"/>
      </object_component>
      <object_component id="oc-2c5">
         <name>.const:g_pui32EnRegs</name>
         <load_address>0x8a68</load_address>
         <run_address>0x8a68</run_address>
         <size>0x14</size>
         <input_file_ref idref="fl-20"/>
      </object_component>
      <object_component id="oc-2cb">
         <name>.const:g_pui32PendRegs</name>
         <load_address>0x8a7c</load_address>
         <run_address>0x8a7c</run_address>
         <size>0x14</size>
         <input_file_ref idref="fl-20"/>
      </object_component>
      <object_component id="oc-2ce">
         <name>.const:g_pui32UnpendRegs</name>
         <load_address>0x8a90</load_address>
         <run_address>0x8a90</run_address>
         <size>0x14</size>
         <input_file_ref idref="fl-20"/>
      </object_component>
      <object_component id="oc-2fa">
         <name>.const:.string</name>
         <load_address>0x8aa4</load_address>
         <run_address>0x8aa4</run_address>
         <size>0x12</size>
         <input_file_ref idref="fl-31"/>
      </object_component>
      <object_component id="oc-22f">
         <name>.const:g_ui32UARTBase</name>
         <load_address>0x8ab8</load_address>
         <run_address>0x8ab8</run_address>
         <size>0xc</size>
         <input_file_ref idref="fl-31"/>
      </object_component>
      <object_component id="oc-229">
         <name>.const:g_ui32UARTPeriph</name>
         <load_address>0x8ac4</load_address>
         <run_address>0x8ac4</run_address>
         <size>0xc</size>
         <input_file_ref idref="fl-31"/>
      </object_component>
      <object_component id="oc-20b">
         <name>.const:g_pui32VCOFrequencies</name>
         <load_address>0x8ad0</load_address>
         <run_address>0x8ad0</run_address>
         <size>0x8</size>
         <input_file_ref idref="fl-28"/>
      </object_component>
      <object_component id="oc-79">
         <name>.const</name>
         <load_address>0x8ad8</load_address>
         <run_address>0x8ad8</run_address>
         <size>0x4</size>
         <input_file_ref idref="fl-d"/>
      </object_component>
      <object_component id="oc-237">
         <name>.const</name>
         <load_address>0x8adc</load_address>
         <run_address>0x8adc</run_address>
         <size>0x4</size>
         <input_file_ref idref="fl-31"/>
      </object_component>
      <object_component id="oc-395">
         <name>.cinit..data.load</name>
         <load_address>0x8ae0</load_address>
         <run_address>0x8ae0</run_address>
         <size>0xf</size>
      </object_component>
      <object_component id="oc-392">
         <name>__TI_handler_table</name>
         <load_address>0x8af0</load_address>
         <run_address>0x8af0</run_address>
         <size>0xc</size>
      </object_component>
      <object_component id="oc-396">
         <name>.cinit..bss.load</name>
         <load_address>0x8b00</load_address>
         <run_address>0x8b00</run_address>
         <size>0x8</size>
      </object_component>
      <object_component id="oc-394">
         <name>.cinit..vtable.load</name>
         <load_address>0x8b08</load_address>
         <run_address>0x8b08</run_address>
         <size>0x8</size>
      </object_component>
      <object_component id="oc-393">
         <name>__TI_cinit_table</name>
         <load_address>0x8b10</load_address>
         <run_address>0x8b10</run_address>
         <size>0x18</size>
      </object_component>
      <object_component id="oc-2bc">
         <name>.vtable</name>
         <uninitialized>true</uninitialized>
         <run_address>0x20000000</run_address>
         <size>0x26c</size>
         <input_file_ref idref="fl-20"/>
      </object_component>
      <object_component id="oc-76">
         <name>.data</name>
         <load_address>0x2000c928</load_address>
         <run_address>0x2000c928</run_address>
         <size>0x34</size>
         <input_file_ref idref="fl-b"/>
      </object_component>
      <object_component id="oc-1cf">
         <name>.data</name>
         <load_address>0x2000c95c</load_address>
         <run_address>0x2000c95c</run_address>
         <size>0xc</size>
         <input_file_ref idref="fl-c"/>
      </object_component>
      <object_component id="oc-83">
         <name>.data</name>
         <load_address>0x2000c978</load_address>
         <run_address>0x2000c978</run_address>
         <size>0x4</size>
         <input_file_ref idref="fl-d"/>
      </object_component>
      <object_component id="oc-1b7">
         <name>.data</name>
         <load_address>0x2000c968</load_address>
         <run_address>0x2000c968</run_address>
         <size>0x8</size>
         <input_file_ref idref="fl-f"/>
      </object_component>
      <object_component id="oc-22c">
         <name>.data</name>
         <load_address>0x2000c970</load_address>
         <run_address>0x2000c970</run_address>
         <size>0x5</size>
         <input_file_ref idref="fl-31"/>
      </object_component>
      <object_component id="oc-263">
         <name>.bss</name>
         <uninitialized>true</uninitialized>
         <run_address>0x2000c70c</run_address>
         <size>0x4</size>
         <input_file_ref idref="fl-5"/>
      </object_component>
      <object_component id="oc-ec">
         <name>.bss:pxReadyTasksLists</name>
         <uninitialized>true</uninitialized>
         <run_address>0x2000c5bc</run_address>
         <size>0x64</size>
         <input_file_ref idref="fl-b"/>
      </object_component>
      <object_component id="oc-101">
         <name>.bss:xDelayedTaskList1</name>
         <uninitialized>true</uninitialized>
         <run_address>0x2000c688</run_address>
         <size>0x14</size>
         <input_file_ref idref="fl-b"/>
      </object_component>
      <object_component id="oc-104">
         <name>.bss:xDelayedTaskList2</name>
         <uninitialized>true</uninitialized>
         <run_address>0x2000c69c</run_address>
         <size>0x14</size>
         <input_file_ref idref="fl-b"/>
      </object_component>
      <object_component id="oc-f2">
         <name>.bss</name>
         <uninitialized>true</uninitialized>
         <run_address>0x2000c6ec</run_address>
         <size>0x8</size>
         <input_file_ref idref="fl-b"/>
      </object_component>
      <object_component id="oc-fe">
         <name>.bss:xPendingReadyList</name>
         <uninitialized>true</uninitialized>
         <run_address>0x2000c6b0</run_address>
         <size>0x14</size>
         <input_file_ref idref="fl-b"/>
      </object_component>
      <object_component id="oc-ef">
         <name>.bss:xTasksWaitingTermination</name>
         <uninitialized>true</uninitialized>
         <run_address>0x2000c6d8</run_address>
         <size>0x14</size>
         <input_file_ref idref="fl-b"/>
      </object_component>
      <object_component id="oc-f5">
         <name>.bss:xSuspendedTaskList</name>
         <uninitialized>true</uninitialized>
         <run_address>0x2000c6c4</run_address>
         <size>0x14</size>
         <input_file_ref idref="fl-b"/>
      </object_component>
      <object_component id="oc-1d5">
         <name>.bss:xActiveTimerList1</name>
         <uninitialized>true</uninitialized>
         <run_address>0x2000c660</run_address>
         <size>0x14</size>
         <input_file_ref idref="fl-c"/>
      </object_component>
      <object_component id="oc-1d8">
         <name>.bss:xActiveTimerList2</name>
         <uninitialized>true</uninitialized>
         <run_address>0x2000c674</run_address>
         <size>0x14</size>
         <input_file_ref idref="fl-c"/>
      </object_component>
      <object_component id="oc-1d2">
         <name>.bss</name>
         <uninitialized>true</uninitialized>
         <run_address>0x2000c6f4</run_address>
         <size>0x8</size>
         <input_file_ref idref="fl-c"/>
      </object_component>
      <object_component id="oc-1c0">
         <name>.bss:ucHeap</name>
         <uninitialized>true</uninitialized>
         <run_address>0x2000026c</run_address>
         <size>0xc350</size>
         <input_file_ref idref="fl-f"/>
      </object_component>
      <object_component id="oc-1ba">
         <name>.bss:xStart</name>
         <uninitialized>true</uninitialized>
         <run_address>0x2000c704</run_address>
         <size>0x8</size>
         <input_file_ref idref="fl-f"/>
      </object_component>
      <object_component id="oc-1bd">
         <name>.bss:xEnd</name>
         <uninitialized>true</uninitialized>
         <run_address>0x2000c6fc</run_address>
         <size>0x8</size>
         <input_file_ref idref="fl-f"/>
      </object_component>
      <object_component id="oc-165">
         <name>.common:log_m</name>
         <uninitialized>true</uninitialized>
         <run_address>0x2000c718</run_address>
         <size>0x4</size>
      </object_component>
      <object_component id="oc-15f">
         <name>.common:led_signal</name>
         <uninitialized>true</uninitialized>
         <run_address>0x2000c714</run_address>
         <size>0x4</size>
      </object_component>
      <object_component id="oc-164">
         <name>.common:temp_signal</name>
         <uninitialized>true</uninitialized>
         <run_address>0x2000c720</run_address>
         <size>0x4</size>
      </object_component>
      <object_component id="oc-166">
         <name>.common:a_task</name>
         <uninitialized>true</uninitialized>
         <run_address>0x2000c710</run_address>
         <size>0x4</size>
      </object_component>
      <object_component id="oc-262">
         <name>.common:queue_logger</name>
         <uninitialized>true</uninitialized>
         <run_address>0x2000c71c</run_address>
         <size>0x4</size>
      </object_component>
      <object_component id="oc-241">
         <name>.common:xQueueRegistry</name>
         <uninitialized>true</uninitialized>
         <run_address>0x2000c620</run_address>
         <size>0x40</size>
      </object_component>
      <object_component id="oc-21">
         <name>.stack</name>
         <uninitialized>true</uninitialized>
         <run_address>0x2000c728</run_address>
         <size>0x4</size>
         <input_file_ref idref="fl-f7"/>
      </object_component>
      <object_component id="oc-397">
         <name>.stack</name>
         <uninitialized>true</uninitialized>
         <run_address>0x2000c728</run_address>
         <size>0x0</size>
      </object_component>
      <object_component id="oc-11d">
         <name>.debug_info</name>
         <load_address>0x0</load_address>
         <run_address>0x0</run_address>
         <size>0x4fc</size>
         <input_file_ref idref="fl-2"/>
      </object_component>
      <object_component id="oc-15a">
         <name>.debug_info</name>
         <load_address>0x4fc</load_address>
         <run_address>0x4fc</run_address>
         <size>0x45d</size>
         <input_file_ref idref="fl-2"/>
      </object_component>
      <object_component id="oc-271">
         <name>.debug_info</name>
         <load_address>0x959</load_address>
         <run_address>0x959</run_address>
         <size>0x48</size>
         <input_file_ref idref="fl-2"/>
      </object_component>
      <object_component id="oc-99">
         <name>.debug_info</name>
         <load_address>0x9a1</load_address>
         <run_address>0x9a1</run_address>
         <size>0x26b</size>
         <input_file_ref idref="fl-2"/>
      </object_component>
      <object_component id="oc-113">
         <name>.debug_info</name>
         <load_address>0xc0c</load_address>
         <run_address>0xc0c</run_address>
         <size>0x8b</size>
         <input_file_ref idref="fl-2"/>
      </object_component>
      <object_component id="oc-118">
         <name>.debug_info</name>
         <load_address>0xc97</load_address>
         <run_address>0xc97</run_address>
         <size>0x297</size>
         <input_file_ref idref="fl-2"/>
      </object_component>
      <object_component id="oc-210">
         <name>.debug_info</name>
         <load_address>0xf2e</load_address>
         <run_address>0xf2e</run_address>
         <size>0xef</size>
         <input_file_ref idref="fl-2"/>
      </object_component>
      <object_component id="oc-94">
         <name>.debug_info</name>
         <load_address>0x101d</load_address>
         <run_address>0x101d</run_address>
         <size>0xbb</size>
         <input_file_ref idref="fl-2"/>
      </object_component>
      <object_component id="oc-111">
         <name>.debug_info</name>
         <load_address>0x10d8</load_address>
         <run_address>0x10d8</run_address>
         <size>0x962</size>
         <input_file_ref idref="fl-3"/>
      </object_component>
      <object_component id="oc-c5">
         <name>.debug_info</name>
         <load_address>0x1a3a</load_address>
         <run_address>0x1a3a</run_address>
         <size>0x5d2</size>
         <input_file_ref idref="fl-3"/>
      </object_component>
      <object_component id="oc-d9">
         <name>.debug_info</name>
         <load_address>0x200c</load_address>
         <run_address>0x200c</run_address>
         <size>0x30c</size>
         <input_file_ref idref="fl-3"/>
      </object_component>
      <object_component id="oc-265">
         <name>.debug_info</name>
         <load_address>0x2318</load_address>
         <run_address>0x2318</run_address>
         <size>0x86</size>
         <input_file_ref idref="fl-3"/>
      </object_component>
      <object_component id="oc-9e">
         <name>.debug_info</name>
         <load_address>0x239e</load_address>
         <run_address>0x239e</run_address>
         <size>0x3cd</size>
         <input_file_ref idref="fl-3"/>
      </object_component>
      <object_component id="oc-1ef">
         <name>.debug_info</name>
         <load_address>0x276b</load_address>
         <run_address>0x276b</run_address>
         <size>0x46</size>
         <input_file_ref idref="fl-3"/>
      </object_component>
      <object_component id="oc-1ea">
         <name>.debug_info</name>
         <load_address>0x27b1</load_address>
         <run_address>0x27b1</run_address>
         <size>0x2c</size>
         <input_file_ref idref="fl-3"/>
      </object_component>
      <object_component id="oc-168">
         <name>.debug_info</name>
         <load_address>0x27dd</load_address>
         <run_address>0x27dd</run_address>
         <size>0x46</size>
         <input_file_ref idref="fl-3"/>
      </object_component>
      <object_component id="oc-88">
         <name>.debug_info</name>
         <load_address>0x2823</load_address>
         <run_address>0x2823</run_address>
         <size>0x2c</size>
         <input_file_ref idref="fl-3"/>
      </object_component>
      <object_component id="oc-8d">
         <name>.debug_info</name>
         <load_address>0x284f</load_address>
         <run_address>0x284f</run_address>
         <size>0x53</size>
         <input_file_ref idref="fl-3"/>
      </object_component>
      <object_component id="oc-23c">
         <name>.debug_info</name>
         <load_address>0x28a2</load_address>
         <run_address>0x28a2</run_address>
         <size>0x2c</size>
         <input_file_ref idref="fl-3"/>
      </object_component>
      <object_component id="oc-10c">
         <name>.debug_info</name>
         <load_address>0x28ce</load_address>
         <run_address>0x28ce</run_address>
         <size>0x14c</size>
         <input_file_ref idref="fl-3"/>
      </object_component>
      <object_component id="oc-160">
         <name>.debug_info</name>
         <load_address>0x2a1a</load_address>
         <run_address>0x2a1a</run_address>
         <size>0x480</size>
         <input_file_ref idref="fl-4"/>
      </object_component>
      <object_component id="oc-258">
         <name>.debug_info</name>
         <load_address>0x2e9a</load_address>
         <run_address>0x2e9a</run_address>
         <size>0x1fe</size>
         <input_file_ref idref="fl-4"/>
      </object_component>
      <object_component id="oc-27a">
         <name>.debug_info</name>
         <load_address>0x3098</load_address>
         <run_address>0x3098</run_address>
         <size>0x51</size>
         <input_file_ref idref="fl-4"/>
      </object_component>
      <object_component id="oc-3e">
         <name>.debug_info</name>
         <load_address>0x30e9</load_address>
         <run_address>0x30e9</run_address>
         <size>0x84</size>
         <input_file_ref idref="fl-4"/>
      </object_component>
      <object_component id="oc-162">
         <name>.debug_info</name>
         <load_address>0x316d</load_address>
         <run_address>0x316d</run_address>
         <size>0x73b</size>
         <input_file_ref idref="fl-5"/>
      </object_component>
      <object_component id="oc-155">
         <name>.debug_info</name>
         <load_address>0x38a8</load_address>
         <run_address>0x38a8</run_address>
         <size>0x7a8</size>
         <input_file_ref idref="fl-5"/>
      </object_component>
      <object_component id="oc-1b2">
         <name>.debug_info</name>
         <load_address>0x4050</load_address>
         <run_address>0x4050</run_address>
         <size>0x110</size>
         <input_file_ref idref="fl-5"/>
      </object_component>
      <object_component id="oc-37">
         <name>.debug_info</name>
         <load_address>0x4160</load_address>
         <run_address>0x4160</run_address>
         <size>0x3c9</size>
         <input_file_ref idref="fl-6"/>
      </object_component>
      <object_component id="oc-10">
         <name>.debug_info</name>
         <load_address>0x4529</load_address>
         <run_address>0x4529</run_address>
         <size>0xf2</size>
         <input_file_ref idref="fl-6"/>
      </object_component>
      <object_component id="oc-25">
         <name>.debug_info</name>
         <load_address>0x461b</load_address>
         <run_address>0x461b</run_address>
         <size>0x271</size>
         <input_file_ref idref="fl-6"/>
      </object_component>
      <object_component id="oc-1c6">
         <name>.debug_info</name>
         <load_address>0x488c</load_address>
         <run_address>0x488c</run_address>
         <size>0x34e</size>
         <input_file_ref idref="fl-9"/>
      </object_component>
      <object_component id="oc-e8">
         <name>.debug_info</name>
         <load_address>0x4bda</load_address>
         <run_address>0x4bda</run_address>
         <size>0x4ad</size>
         <input_file_ref idref="fl-9"/>
      </object_component>
      <object_component id="oc-242">
         <name>.debug_info</name>
         <load_address>0x5087</load_address>
         <run_address>0x5087</run_address>
         <size>0x7f9</size>
         <input_file_ref idref="fl-a"/>
      </object_component>
      <object_component id="oc-148">
         <name>.debug_info</name>
         <load_address>0x5880</load_address>
         <run_address>0x5880</run_address>
         <size>0x2d46</size>
         <input_file_ref idref="fl-a"/>
      </object_component>
      <object_component id="oc-301">
         <name>.debug_info</name>
         <load_address>0x85c6</load_address>
         <run_address>0x85c6</run_address>
         <size>0x1cd</size>
         <input_file_ref idref="fl-a"/>
      </object_component>
      <object_component id="oc-d8">
         <name>.debug_info</name>
         <load_address>0x8793</load_address>
         <run_address>0x8793</run_address>
         <size>0x75a</size>
         <input_file_ref idref="fl-b"/>
      </object_component>
      <object_component id="oc-77">
         <name>.debug_info</name>
         <load_address>0x8eed</load_address>
         <run_address>0x8eed</run_address>
         <size>0x34a</size>
         <input_file_ref idref="fl-b"/>
      </object_component>
      <object_component id="oc-ed">
         <name>.debug_info</name>
         <load_address>0x9237</load_address>
         <run_address>0x9237</run_address>
         <size>0xf1</size>
         <input_file_ref idref="fl-b"/>
      </object_component>
      <object_component id="oc-102">
         <name>.debug_info</name>
         <load_address>0x9328</load_address>
         <run_address>0x9328</run_address>
         <size>0xf1</size>
         <input_file_ref idref="fl-b"/>
      </object_component>
      <object_component id="oc-105">
         <name>.debug_info</name>
         <load_address>0x9419</load_address>
         <run_address>0x9419</run_address>
         <size>0xf1</size>
         <input_file_ref idref="fl-b"/>
      </object_component>
      <object_component id="oc-f3">
         <name>.debug_info</name>
         <load_address>0x950a</load_address>
         <run_address>0x950a</run_address>
         <size>0x134</size>
         <input_file_ref idref="fl-b"/>
      </object_component>
      <object_component id="oc-ff">
         <name>.debug_info</name>
         <load_address>0x963e</load_address>
         <run_address>0x963e</run_address>
         <size>0xf1</size>
         <input_file_ref idref="fl-b"/>
      </object_component>
      <object_component id="oc-f0">
         <name>.debug_info</name>
         <load_address>0x972f</load_address>
         <run_address>0x972f</run_address>
         <size>0xff</size>
         <input_file_ref idref="fl-b"/>
      </object_component>
      <object_component id="oc-f6">
         <name>.debug_info</name>
         <load_address>0x982e</load_address>
         <run_address>0x982e</run_address>
         <size>0xf3</size>
         <input_file_ref idref="fl-b"/>
      </object_component>
      <object_component id="oc-7e">
         <name>.debug_info</name>
         <load_address>0x9921</load_address>
         <run_address>0x9921</run_address>
         <size>0x467c</size>
         <input_file_ref idref="fl-b"/>
      </object_component>
      <object_component id="oc-1ad">
         <name>.debug_info</name>
         <load_address>0xdf9d</load_address>
         <run_address>0xdf9d</run_address>
         <size>0x146</size>
         <input_file_ref idref="fl-b"/>
      </object_component>
      <object_component id="oc-1dc">
         <name>.debug_info</name>
         <load_address>0xe0e3</load_address>
         <run_address>0xe0e3</run_address>
         <size>0x82e</size>
         <input_file_ref idref="fl-c"/>
      </object_component>
      <object_component id="oc-1d6">
         <name>.debug_info</name>
         <load_address>0xe911</load_address>
         <run_address>0xe911</run_address>
         <size>0xf1</size>
         <input_file_ref idref="fl-c"/>
      </object_component>
      <object_component id="oc-1d9">
         <name>.debug_info</name>
         <load_address>0xea02</load_address>
         <run_address>0xea02</run_address>
         <size>0xf1</size>
         <input_file_ref idref="fl-c"/>
      </object_component>
      <object_component id="oc-1d3">
         <name>.debug_info</name>
         <load_address>0xeaf3</load_address>
         <run_address>0xeaf3</run_address>
         <size>0x129</size>
         <input_file_ref idref="fl-c"/>
      </object_component>
      <object_component id="oc-1d0">
         <name>.debug_info</name>
         <load_address>0xec1c</load_address>
         <run_address>0xec1c</run_address>
         <size>0x115</size>
         <input_file_ref idref="fl-c"/>
      </object_component>
      <object_component id="oc-fa">
         <name>.debug_info</name>
         <load_address>0xed31</load_address>
         <run_address>0xed31</run_address>
         <size>0x1af0</size>
         <input_file_ref idref="fl-c"/>
      </object_component>
      <object_component id="oc-1dd">
         <name>.debug_info</name>
         <load_address>0x10821</load_address>
         <run_address>0x10821</run_address>
         <size>0x1ce</size>
         <input_file_ref idref="fl-c"/>
      </object_component>
      <object_component id="oc-87">
         <name>.debug_info</name>
         <load_address>0x109ef</load_address>
         <run_address>0x109ef</run_address>
         <size>0x3e3</size>
         <input_file_ref idref="fl-d"/>
      </object_component>
      <object_component id="oc-7a">
         <name>.debug_info</name>
         <load_address>0x10dd2</load_address>
         <run_address>0x10dd2</run_address>
         <size>0x11e</size>
         <input_file_ref idref="fl-d"/>
      </object_component>
      <object_component id="oc-84">
         <name>.debug_info</name>
         <load_address>0x10ef0</load_address>
         <run_address>0x10ef0</run_address>
         <size>0x105</size>
         <input_file_ref idref="fl-d"/>
      </object_component>
      <object_component id="oc-31">
         <name>.debug_info</name>
         <load_address>0x10ff5</load_address>
         <run_address>0x10ff5</run_address>
         <size>0x6b8</size>
         <input_file_ref idref="fl-d"/>
      </object_component>
      <object_component id="oc-2b">
         <name>.debug_info</name>
         <load_address>0x116ad</load_address>
         <run_address>0x116ad</run_address>
         <size>0x253</size>
         <input_file_ref idref="fl-e"/>
      </object_component>
      <object_component id="oc-1c4">
         <name>.debug_info</name>
         <load_address>0x11900</load_address>
         <run_address>0x11900</run_address>
         <size>0x3f2</size>
         <input_file_ref idref="fl-f"/>
      </object_component>
      <object_component id="oc-1c1">
         <name>.debug_info</name>
         <load_address>0x11cf2</load_address>
         <run_address>0x11cf2</run_address>
         <size>0xec</size>
         <input_file_ref idref="fl-f"/>
      </object_component>
      <object_component id="oc-1bb">
         <name>.debug_info</name>
         <load_address>0x11dde</load_address>
         <run_address>0x11dde</run_address>
         <size>0xec</size>
         <input_file_ref idref="fl-f"/>
      </object_component>
      <object_component id="oc-1be">
         <name>.debug_info</name>
         <load_address>0x11eca</load_address>
         <run_address>0x11eca</run_address>
         <size>0xe8</size>
         <input_file_ref idref="fl-f"/>
      </object_component>
      <object_component id="oc-1b8">
         <name>.debug_info</name>
         <load_address>0x11fb2</load_address>
         <run_address>0x11fb2</run_address>
         <size>0x106</size>
         <input_file_ref idref="fl-f"/>
      </object_component>
      <object_component id="oc-e1">
         <name>.debug_info</name>
         <load_address>0x120b8</load_address>
         <run_address>0x120b8</run_address>
         <size>0x66f</size>
         <input_file_ref idref="fl-f"/>
      </object_component>
      <object_component id="oc-2a3">
         <name>.debug_info</name>
         <load_address>0x12727</load_address>
         <run_address>0x12727</run_address>
         <size>0x62</size>
         <input_file_ref idref="fl-f"/>
      </object_component>
      <object_component id="oc-202">
         <name>.debug_info</name>
         <load_address>0x12789</load_address>
         <run_address>0x12789</run_address>
         <size>0x33e</size>
         <input_file_ref idref="fl-14"/>
      </object_component>
      <object_component id="oc-220">
         <name>.debug_info</name>
         <load_address>0x12ac7</load_address>
         <run_address>0x12ac7</run_address>
         <size>0x381</size>
         <input_file_ref idref="fl-1d"/>
      </object_component>
      <object_component id="oc-217">
         <name>.debug_info</name>
         <load_address>0x12e48</load_address>
         <run_address>0x12e48</run_address>
         <size>0x102</size>
         <input_file_ref idref="fl-1d"/>
      </object_component>
      <object_component id="oc-21a">
         <name>.debug_info</name>
         <load_address>0x12f4a</load_address>
         <run_address>0x12f4a</run_address>
         <size>0x104</size>
         <input_file_ref idref="fl-1d"/>
      </object_component>
      <object_component id="oc-21d">
         <name>.debug_info</name>
         <load_address>0x1304e</load_address>
         <run_address>0x1304e</run_address>
         <size>0xf6</size>
         <input_file_ref idref="fl-1d"/>
      </object_component>
      <object_component id="oc-138">
         <name>.debug_info</name>
         <load_address>0x13144</load_address>
         <run_address>0x13144</run_address>
         <size>0x3868</size>
         <input_file_ref idref="fl-1d"/>
      </object_component>
      <object_component id="oc-31f">
         <name>.debug_info</name>
         <load_address>0x169ac</load_address>
         <run_address>0x169ac</run_address>
         <size>0x382</size>
         <input_file_ref idref="fl-1f"/>
      </object_component>
      <object_component id="oc-319">
         <name>.debug_info</name>
         <load_address>0x16d2e</load_address>
         <run_address>0x16d2e</run_address>
         <size>0xef</size>
         <input_file_ref idref="fl-1f"/>
      </object_component>
      <object_component id="oc-31c">
         <name>.debug_info</name>
         <load_address>0x16e1d</load_address>
         <run_address>0x16e1d</run_address>
         <size>0x101</size>
         <input_file_ref idref="fl-1f"/>
      </object_component>
      <object_component id="oc-26c">
         <name>.debug_info</name>
         <load_address>0x16f1e</load_address>
         <run_address>0x16f1e</run_address>
         <size>0x335b</size>
         <input_file_ref idref="fl-1f"/>
      </object_component>
      <object_component id="oc-2d2">
         <name>.debug_info</name>
         <load_address>0x1a279</load_address>
         <run_address>0x1a279</run_address>
         <size>0x36e</size>
         <input_file_ref idref="fl-20"/>
      </object_component>
      <object_component id="oc-2c0">
         <name>.debug_info</name>
         <load_address>0x1a5e7</load_address>
         <run_address>0x1a5e7</run_address>
         <size>0xf1</size>
         <input_file_ref idref="fl-20"/>
      </object_component>
      <object_component id="oc-2c3">
         <name>.debug_info</name>
         <load_address>0x1a6d8</load_address>
         <run_address>0x1a6d8</run_address>
         <size>0xe9</size>
         <input_file_ref idref="fl-20"/>
      </object_component>
      <object_component id="oc-2c6">
         <name>.debug_info</name>
         <load_address>0x1a7c1</load_address>
         <run_address>0x1a7c1</run_address>
         <size>0xed</size>
         <input_file_ref idref="fl-20"/>
      </object_component>
      <object_component id="oc-2c9">
         <name>.debug_info</name>
         <load_address>0x1a8ae</load_address>
         <run_address>0x1a8ae</run_address>
         <size>0xf3</size>
         <input_file_ref idref="fl-20"/>
      </object_component>
      <object_component id="oc-2cc">
         <name>.debug_info</name>
         <load_address>0x1a9a1</load_address>
         <run_address>0x1a9a1</run_address>
         <size>0xf1</size>
         <input_file_ref idref="fl-20"/>
      </object_component>
      <object_component id="oc-2cf">
         <name>.debug_info</name>
         <load_address>0x1aa92</load_address>
         <run_address>0x1aa92</run_address>
         <size>0xf5</size>
         <input_file_ref idref="fl-20"/>
      </object_component>
      <object_component id="oc-2bd">
         <name>.debug_info</name>
         <load_address>0x1ab87</load_address>
         <run_address>0x1ab87</run_address>
         <size>0xf2</size>
         <input_file_ref idref="fl-20"/>
      </object_component>
      <object_component id="oc-1fa">
         <name>.debug_info</name>
         <load_address>0x1ac79</load_address>
         <run_address>0x1ac79</run_address>
         <size>0xdb2</size>
         <input_file_ref idref="fl-20"/>
      </object_component>
      <object_component id="oc-215">
         <name>.debug_info</name>
         <load_address>0x1ba2b</load_address>
         <run_address>0x1ba2b</run_address>
         <size>0x3df</size>
         <input_file_ref idref="fl-28"/>
      </object_component>
      <object_component id="oc-206">
         <name>.debug_info</name>
         <load_address>0x1be0a</load_address>
         <run_address>0x1be0a</run_address>
         <size>0xe8</size>
         <input_file_ref idref="fl-28"/>
      </object_component>
      <object_component id="oc-209">
         <name>.debug_info</name>
         <load_address>0x1bef2</load_address>
         <run_address>0x1bef2</run_address>
         <size>0xf4</size>
         <input_file_ref idref="fl-28"/>
      </object_component>
      <object_component id="oc-1f7">
         <name>.debug_info</name>
         <load_address>0x1bfe6</load_address>
         <run_address>0x1bfe6</run_address>
         <size>0xee</size>
         <input_file_ref idref="fl-28"/>
      </object_component>
      <object_component id="oc-20c">
         <name>.debug_info</name>
         <load_address>0x1c0d4</load_address>
         <run_address>0x1c0d4</run_address>
         <size>0xfb</size>
         <input_file_ref idref="fl-28"/>
      </object_component>
      <object_component id="oc-133">
         <name>.debug_info</name>
         <load_address>0x1c1cf</load_address>
         <run_address>0x1c1cf</run_address>
         <size>0x2c7f</size>
         <input_file_ref idref="fl-28"/>
      </object_component>
      <object_component id="oc-2dc">
         <name>.debug_info</name>
         <load_address>0x1ee4e</load_address>
         <run_address>0x1ee4e</run_address>
         <size>0x51</size>
         <input_file_ref idref="fl-28"/>
      </object_component>
      <object_component id="oc-228">
         <name>.debug_info</name>
         <load_address>0x1ee9f</load_address>
         <run_address>0x1ee9f</run_address>
         <size>0x373</size>
         <input_file_ref idref="fl-2c"/>
      </object_component>
      <object_component id="oc-222">
         <name>.debug_info</name>
         <load_address>0x1f212</load_address>
         <run_address>0x1f212</run_address>
         <size>0xf2</size>
         <input_file_ref idref="fl-2c"/>
      </object_component>
      <object_component id="oc-225">
         <name>.debug_info</name>
         <load_address>0x1f304</load_address>
         <run_address>0x1f304</run_address>
         <size>0x104</size>
         <input_file_ref idref="fl-2c"/>
      </object_component>
      <object_component id="oc-13f">
         <name>.debug_info</name>
         <load_address>0x1f408</load_address>
         <run_address>0x1f408</run_address>
         <size>0x2e0e</size>
         <input_file_ref idref="fl-2c"/>
      </object_component>
      <object_component id="oc-246">
         <name>.debug_info</name>
         <load_address>0x22216</load_address>
         <run_address>0x22216</run_address>
         <size>0x359</size>
         <input_file_ref idref="fl-30"/>
      </object_component>
      <object_component id="oc-14e">
         <name>.debug_info</name>
         <load_address>0x2256f</load_address>
         <run_address>0x2256f</run_address>
         <size>0x505</size>
         <input_file_ref idref="fl-30"/>
      </object_component>
      <object_component id="oc-23b">
         <name>.debug_info</name>
         <load_address>0x22a74</load_address>
         <run_address>0x22a74</run_address>
         <size>0x2cb</size>
         <input_file_ref idref="fl-31"/>
      </object_component>
      <object_component id="oc-22d">
         <name>.debug_info</name>
         <load_address>0x22d3f</load_address>
         <run_address>0x22d3f</run_address>
         <size>0xe3</size>
         <input_file_ref idref="fl-31"/>
      </object_component>
      <object_component id="oc-238">
         <name>.debug_info</name>
         <load_address>0x22e22</load_address>
         <run_address>0x22e22</run_address>
         <size>0xdd</size>
         <input_file_ref idref="fl-31"/>
      </object_component>
      <object_component id="oc-230">
         <name>.debug_info</name>
         <load_address>0x22eff</load_address>
         <run_address>0x22eff</run_address>
         <size>0xeb</size>
         <input_file_ref idref="fl-31"/>
      </object_component>
      <object_component id="oc-22a">
         <name>.debug_info</name>
         <load_address>0x22fea</load_address>
         <run_address>0x22fea</run_address>
         <size>0xef</size>
         <input_file_ref idref="fl-31"/>
      </object_component>
      <object_component id="oc-144">
         <name>.debug_info</name>
         <load_address>0x230d9</load_address>
         <run_address>0x230d9</run_address>
         <size>0x7c3</size>
         <input_file_ref idref="fl-31"/>
      </object_component>
      <object_component id="oc-25e">
         <name>.debug_info</name>
         <load_address>0x2389c</load_address>
         <run_address>0x2389c</run_address>
         <size>0x12e</size>
         <input_file_ref idref="fl-eb"/>
      </object_component>
      <object_component id="oc-312">
         <name>.debug_info</name>
         <load_address>0x239ca</load_address>
         <run_address>0x239ca</run_address>
         <size>0x13e</size>
         <input_file_ref idref="fl-ec"/>
      </object_component>
      <object_component id="oc-254">
         <name>.debug_info</name>
         <load_address>0x23b08</load_address>
         <run_address>0x23b08</run_address>
         <size>0x13d</size>
         <input_file_ref idref="fl-ed"/>
      </object_component>
      <object_component id="oc-30e">
         <name>.debug_info</name>
         <load_address>0x23c45</load_address>
         <run_address>0x23c45</run_address>
         <size>0x130</size>
         <input_file_ref idref="fl-ee"/>
      </object_component>
      <object_component id="oc-44">
         <name>.debug_info</name>
         <load_address>0x23d75</load_address>
         <run_address>0x23d75</run_address>
         <size>0x11d</size>
         <input_file_ref idref="fl-ef"/>
      </object_component>
      <object_component id="oc-250">
         <name>.debug_info</name>
         <load_address>0x23e92</load_address>
         <run_address>0x23e92</run_address>
         <size>0x132</size>
         <input_file_ref idref="fl-f0"/>
      </object_component>
      <object_component id="oc-233">
         <name>.debug_info</name>
         <load_address>0x23fc4</load_address>
         <run_address>0x23fc4</run_address>
         <size>0x146</size>
         <input_file_ref idref="fl-f1"/>
      </object_component>
      <object_component id="oc-b9">
         <name>.debug_info</name>
         <load_address>0x2410a</load_address>
         <run_address>0x2410a</run_address>
         <size>0x14b</size>
         <input_file_ref idref="fl-f2"/>
      </object_component>
      <object_component id="oc-b7">
         <name>.debug_info</name>
         <load_address>0x24255</load_address>
         <run_address>0x24255</run_address>
         <size>0x2d8</size>
         <input_file_ref idref="fl-f3"/>
      </object_component>
      <object_component id="oc-57">
         <name>.debug_info</name>
         <load_address>0x2452d</load_address>
         <run_address>0x2452d</run_address>
         <size>0x1b9</size>
         <input_file_ref idref="fl-f3"/>
      </object_component>
      <object_component id="oc-b2">
         <name>.debug_info</name>
         <load_address>0x246e6</load_address>
         <run_address>0x246e6</run_address>
         <size>0x46</size>
         <input_file_ref idref="fl-f3"/>
      </object_component>
      <object_component id="oc-126">
         <name>.debug_info</name>
         <load_address>0x2472c</load_address>
         <run_address>0x2472c</run_address>
         <size>0x2c</size>
         <input_file_ref idref="fl-f3"/>
      </object_component>
      <object_component id="oc-4e">
         <name>.debug_info</name>
         <load_address>0x24758</load_address>
         <run_address>0x24758</run_address>
         <size>0x2ac</size>
         <input_file_ref idref="fl-f4"/>
      </object_component>
      <object_component id="oc-1a">
         <name>.debug_info</name>
         <load_address>0x24a04</load_address>
         <run_address>0x24a04</run_address>
         <size>0x1ee</size>
         <input_file_ref idref="fl-f4"/>
      </object_component>
      <object_component id="oc-49">
         <name>.debug_info</name>
         <load_address>0x24bf2</load_address>
         <run_address>0x24bf2</run_address>
         <size>0x46</size>
         <input_file_ref idref="fl-f4"/>
      </object_component>
      <object_component id="oc-aa">
         <name>.debug_info</name>
         <load_address>0x24c38</load_address>
         <run_address>0x24c38</run_address>
         <size>0x2c</size>
         <input_file_ref idref="fl-f4"/>
      </object_component>
      <object_component id="oc-a8">
         <name>.debug_info</name>
         <load_address>0x24c64</load_address>
         <run_address>0x24c64</run_address>
         <size>0x2a2</size>
         <input_file_ref idref="fl-f5"/>
      </object_component>
      <object_component id="oc-13">
         <name>.debug_info</name>
         <load_address>0x24f06</load_address>
         <run_address>0x24f06</run_address>
         <size>0x254</size>
         <input_file_ref idref="fl-f5"/>
      </object_component>
      <object_component id="oc-39">
         <name>.debug_info</name>
         <load_address>0x2515a</load_address>
         <run_address>0x2515a</run_address>
         <size>0x60</size>
         <input_file_ref idref="fl-f5"/>
      </object_component>
      <object_component id="oc-11f">
         <name>.debug_info</name>
         <load_address>0x251ba</load_address>
         <run_address>0x251ba</run_address>
         <size>0x46</size>
         <input_file_ref idref="fl-f5"/>
      </object_component>
      <object_component id="oc-a3">
         <name>.debug_info</name>
         <load_address>0x25200</load_address>
         <run_address>0x25200</run_address>
         <size>0x39</size>
         <input_file_ref idref="fl-f5"/>
      </object_component>
      <object_component id="oc-309">
         <name>.debug_info</name>
         <load_address>0x25239</load_address>
         <run_address>0x25239</run_address>
         <size>0x2a8</size>
         <input_file_ref idref="fl-f6"/>
      </object_component>
      <object_component id="oc-24a">
         <name>.debug_info</name>
         <load_address>0x254e1</load_address>
         <run_address>0x254e1</run_address>
         <size>0x256</size>
         <input_file_ref idref="fl-f6"/>
      </object_component>
      <object_component id="oc-22">
         <name>.debug_info</name>
         <load_address>0x25737</load_address>
         <run_address>0x25737</run_address>
         <size>0x10f</size>
         <input_file_ref idref="fl-f7"/>
      </object_component>
      <object_component id="oc-64">
         <name>.debug_info</name>
         <load_address>0x25846</load_address>
         <run_address>0x25846</run_address>
         <size>0x1ad</size>
         <input_file_ref idref="fl-f7"/>
      </object_component>
      <object_component id="oc-2f7">
         <name>.debug_info</name>
         <load_address>0x259f3</load_address>
         <run_address>0x259f3</run_address>
         <size>0x119</size>
         <input_file_ref idref="fl-f8"/>
      </object_component>
      <object_component id="oc-28a">
         <name>.debug_info</name>
         <load_address>0x25b0c</load_address>
         <run_address>0x25b0c</run_address>
         <size>0x4b7</size>
         <input_file_ref idref="fl-f9"/>
      </object_component>
      <object_component id="oc-17a">
         <name>.debug_info</name>
         <load_address>0x25fc3</load_address>
         <run_address>0x25fc3</run_address>
         <size>0x1aa</size>
         <input_file_ref idref="fl-f9"/>
      </object_component>
      <object_component id="oc-330">
         <name>.debug_info</name>
         <load_address>0x2616d</load_address>
         <run_address>0x2616d</run_address>
         <size>0x39</size>
         <input_file_ref idref="fl-f9"/>
      </object_component>
      <object_component id="oc-35f">
         <name>.debug_info</name>
         <load_address>0x261a6</load_address>
         <run_address>0x261a6</run_address>
         <size>0x39</size>
         <input_file_ref idref="fl-f9"/>
      </object_component>
      <object_component id="oc-335">
         <name>.debug_info</name>
         <load_address>0x261df</load_address>
         <run_address>0x261df</run_address>
         <size>0x39</size>
         <input_file_ref idref="fl-f9"/>
      </object_component>
      <object_component id="oc-33a">
         <name>.debug_info</name>
         <load_address>0x26218</load_address>
         <run_address>0x26218</run_address>
         <size>0xcd</size>
         <input_file_ref idref="fl-f9"/>
      </object_component>
      <object_component id="oc-bf">
         <name>.debug_info</name>
         <load_address>0x262e5</load_address>
         <run_address>0x262e5</run_address>
         <size>0x157</size>
         <input_file_ref idref="fl-fa"/>
      </object_component>
      <object_component id="oc-16e">
         <name>.debug_info</name>
         <load_address>0x2643c</load_address>
         <run_address>0x2643c</run_address>
         <size>0x126</size>
         <input_file_ref idref="fl-fc"/>
      </object_component>
      <object_component id="oc-398">
         <name>.debug_info</name>
         <load_address>0x26562</load_address>
         <run_address>0x26562</run_address>
         <size>0xa4</size>
      </object_component>
      <object_component id="oc-1f5">
         <name>.debug_line</name>
         <load_address>0x0</load_address>
         <run_address>0x0</run_address>
         <size>0x78</size>
         <input_file_ref idref="fl-2"/>
      </object_component>
      <object_component id="oc-15e">
         <name>.debug_line</name>
         <load_address>0x78</load_address>
         <run_address>0x78</run_address>
         <size>0xa0</size>
         <input_file_ref idref="fl-2"/>
      </object_component>
      <object_component id="oc-274">
         <name>.debug_line</name>
         <load_address>0x118</load_address>
         <run_address>0x118</run_address>
         <size>0x32</size>
         <input_file_ref idref="fl-2"/>
      </object_component>
      <object_component id="oc-9c">
         <name>.debug_line</name>
         <load_address>0x14a</load_address>
         <run_address>0x14a</run_address>
         <size>0x6f</size>
         <input_file_ref idref="fl-2"/>
      </object_component>
      <object_component id="oc-116">
         <name>.debug_line</name>
         <load_address>0x1b9</load_address>
         <run_address>0x1b9</run_address>
         <size>0x20</size>
         <input_file_ref idref="fl-2"/>
      </object_component>
      <object_component id="oc-11b">
         <name>.debug_line</name>
         <load_address>0x1d9</load_address>
         <run_address>0x1d9</run_address>
         <size>0x73</size>
         <input_file_ref idref="fl-2"/>
      </object_component>
      <object_component id="oc-213">
         <name>.debug_line</name>
         <load_address>0x24c</load_address>
         <run_address>0x24c</run_address>
         <size>0x6f</size>
         <input_file_ref idref="fl-2"/>
      </object_component>
      <object_component id="oc-97">
         <name>.debug_line</name>
         <load_address>0x2bb</load_address>
         <run_address>0x2bb</run_address>
         <size>0x70</size>
         <input_file_ref idref="fl-2"/>
      </object_component>
      <object_component id="oc-1e9">
         <name>.debug_line</name>
         <load_address>0x32b</load_address>
         <run_address>0x32b</run_address>
         <size>0x199</size>
         <input_file_ref idref="fl-3"/>
      </object_component>
      <object_component id="oc-c8">
         <name>.debug_line</name>
         <load_address>0x4c4</load_address>
         <run_address>0x4c4</run_address>
         <size>0xd9</size>
         <input_file_ref idref="fl-3"/>
      </object_component>
      <object_component id="oc-dc">
         <name>.debug_line</name>
         <load_address>0x59d</load_address>
         <run_address>0x59d</run_address>
         <size>0x6a</size>
         <input_file_ref idref="fl-3"/>
      </object_component>
      <object_component id="oc-268">
         <name>.debug_line</name>
         <load_address>0x607</load_address>
         <run_address>0x607</run_address>
         <size>0x30</size>
         <input_file_ref idref="fl-3"/>
      </object_component>
      <object_component id="oc-a1">
         <name>.debug_line</name>
         <load_address>0x637</load_address>
         <run_address>0x637</run_address>
         <size>0x6e</size>
         <input_file_ref idref="fl-3"/>
      </object_component>
      <object_component id="oc-1f2">
         <name>.debug_line</name>
         <load_address>0x6a5</load_address>
         <run_address>0x6a5</run_address>
         <size>0x6b</size>
         <input_file_ref idref="fl-3"/>
      </object_component>
      <object_component id="oc-1ed">
         <name>.debug_line</name>
         <load_address>0x710</load_address>
         <run_address>0x710</run_address>
         <size>0x6c</size>
         <input_file_ref idref="fl-3"/>
      </object_component>
      <object_component id="oc-16b">
         <name>.debug_line</name>
         <load_address>0x77c</load_address>
         <run_address>0x77c</run_address>
         <size>0x6c</size>
         <input_file_ref idref="fl-3"/>
      </object_component>
      <object_component id="oc-8b">
         <name>.debug_line</name>
         <load_address>0x7e8</load_address>
         <run_address>0x7e8</run_address>
         <size>0x6e</size>
         <input_file_ref idref="fl-3"/>
      </object_component>
      <object_component id="oc-90">
         <name>.debug_line</name>
         <load_address>0x856</load_address>
         <run_address>0x856</run_address>
         <size>0x7d</size>
         <input_file_ref idref="fl-3"/>
      </object_component>
      <object_component id="oc-23f">
         <name>.debug_line</name>
         <load_address>0x8d3</load_address>
         <run_address>0x8d3</run_address>
         <size>0x6b</size>
         <input_file_ref idref="fl-3"/>
      </object_component>
[...]
      </symbol>
      <symbol id="sm-a3c">
         <name>SysCtlNMIStatus</name>
         <value>0x2ed5</value>
         <object_component_ref idref="oc-12f"/>
      </symbol>
      <symbol id="sm-a3d">
         <name>SysCtlDeepSleepClockConfigSet</name>
         <value>0x2c55</value>
         <object_component_ref idref="oc-12f"/>
      </symbol>
      <symbol id="sm-a3e">
         <name>SysCtlDelay</name>
         <value>0x84bd</value>
         <object_component_ref idref="oc-20e"/>
      </symbol>
      <symbol id="sm-a3f">
         <name>SysCtlVoltageEventClear</name>
         <value>0x2ec1</value>
         <object_component_ref idref="oc-12f"/>
      </symbol>
      <symbol id="sm-a40">
         <name>SysCtlLDOSleepSet</name>
         <value>0x237d</value>
         <object_component_ref idref="oc-12f"/>
      </symbol>
      <symbol id="sm-a41">
         <name>SysCtlMOSCConfigSet</name>
         <value>0x2499</value>
         <object_component_ref idref="oc-12f"/>
      </symbol>
      <symbol id="sm-a42">
         <name>SysCtlPeripheralEnable</name>
         <value>0x20b1</value>
         <object_component_ref idref="oc-12f"/>
      </symbol>
      <symbol id="sm-a43">
         <name>SysCtlIntEnable</name>
         <value>0x2325</value>
         <object_component_ref idref="oc-12f"/>
      </symbol>
      <symbol id="sm-a44">
         <name>SysCtlNMIClear</name>
         <value>0x2edb</value>
         <object_component_ref idref="oc-12f"/>
      </symbol>
      <symbol id="sm-a45">
         <name>SysCtlPeripheralPowerOff</name>
         <value>0x1f61</value>
         <object_component_ref idref="oc-12f"/>
      </symbol>
      <symbol id="sm-a46">
         <name>SysCtlSleepPowerSet</name>
         <value>0x242d</value>
         <object_component_ref idref="oc-12f"/>
      </symbol>
      <symbol id="sm-a47">
         <name>SysCtlDeepSleep</name>
         <value>0x245d</value>
         <object_component_ref idref="oc-12f"/>
      </symbol>
      <symbol id="sm-a48">
         <name>SysCtlLDODeepSleepSet</name>
         <value>0x23d5</value>
         <object_component_ref idref="oc-12f"/>
      </symbol>
      <symbol id="sm-a49">
         <name>SysCtlPeripheralPowerOn</name>
         <value>0x1edd</value>
         <object_component_ref idref="oc-12f"/>
      </symbol>
      <symbol id="sm-a4a">
         <name>SysCtlPeripheralDeepSleepDisable</name>
         <value>0x225f</value>
         <object_component_ref idref="oc-12f"/>
      </symbol>
      <symbol id="sm-a4b">
         <name>SysCtlPeripheralSleepDisable</name>
         <value>0x21bd</value>
         <object_component_ref idref="oc-12f"/>
      </symbol>
      <symbol id="sm-a4c">
         <name>SysCtlResetBehaviorSet</name>
         <value>0x24f9</value>
         <object_component_ref idref="oc-12f"/>
      </symbol>
      <symbol id="sm-a4d">
         <name>SysCtlReset</name>
         <value>0x244d</value>
         <object_component_ref idref="oc-12f"/>
      </symbol>
      <symbol id="sm-a4e">
         <name>SysCtlGPIOAHBDisable</name>
         <value>0x2e29</value>
         <object_component_ref idref="oc-12f"/>
      </symbol>
      <symbol id="sm-a4f">
         <name>SysCtlSRAMSizeGet</name>
         <value>0x1d33</value>
         <object_component_ref idref="oc-12f"/>
      </symbol>
      <symbol id="sm-a50">
         <name>SysCtlClockGet</name>
         <value>0x2a71</value>
         <object_component_ref idref="oc-12f"/>
      </symbol>
      <symbol id="sm-a51">
         <name>SysCtlPeripheralDisable</name>
         <value>0x211d</value>
         <object_component_ref idref="oc-12f"/>
      </symbol>
      <symbol id="sm-a52">
         <name>SysCtlPWMClockSet</name>
         <value>0x2d01</value>
         <object_component_ref idref="oc-12f"/>
      </symbol>
      <symbol id="sm-a53">
         <name>SysCtlUSBPLLEnable</name>
         <value>0x2e93</value>
         <object_component_ref idref="oc-12f"/>
      </symbol>
      <symbol id="sm-a54">
         <name>SysCtlPeripheralSleepEnable</name>
         <value>0x216b</value>
         <object_component_ref idref="oc-12f"/>
      </symbol>
      <symbol id="sm-a55">
         <name>SysCtlIntUnregister</name>
         <value>0x2315</value>
         <object_component_ref idref="oc-12f"/>
      </symbol>
      <symbol id="sm-a56">
         <name>SysCtlUSBPLLDisable</name>
         <value>0x2e9f</value>
         <object_component_ref idref="oc-12f"/>
      </symbol>
      <symbol id="sm-a57">
         <name>SysCtlPeripheralReady</name>
         <value>0x1e55</value>
         <object_component_ref idref="oc-12f"/>
      </symbol>
      <symbol id="sm-a58">
         <name>SysCtlPIOSCCalibrate</name>
         <value>0x24a9</value>
         <object_component_ref idref="oc-12f"/>
      </symbol>
      <symbol id="sm-a59">
         <name>SysCtlResetCauseClear</name>
         <value>0x2485</value>
         <object_component_ref idref="oc-12f"/>
      </symbol>
      <symbol id="sm-a5a">
         <name>SysCtlLDOSleepGet</name>
         <value>0x23cb</value>
         <object_component_ref idref="oc-12f"/>
      </symbol>
      <symbol id="sm-a5b">
         <name>SysCtlClockFreqSet</name>
         <value>0x2575</value>
         <object_component_ref idref="oc-12f"/>
      </symbol>
      <symbol id="sm-a5c">
         <name>SysCtlPeripheralReset</name>
         <value>0x200d</value>
         <object_component_ref idref="oc-12f"/>
      </symbol>
      <symbol id="sm-b1d">
         <name>UARTClockSourceGet</name>
         <value>0x6049</value>
         <object_component_ref idref="oc-13b"/>
      </symbol>
      <symbol id="sm-b1e">
         <name>UARTCharPutNonBlocking</name>
         <value>0x5daf</value>
         <object_component_ref idref="oc-13b"/>
      </symbol>
      <symbol id="sm-b1f">
         <name>UARTDMAEnable</name>
         <value>0x5f89</value>
         <object_component_ref idref="oc-13b"/>
      </symbol>
      <symbol id="sm-b20">
         <name>UARTTxIntModeSet</name>
         <value>0x5ca3</value>
         <object_component_ref idref="oc-13b"/>
      </symbol>
      <symbol id="sm-b21">
         <name>UARTFIFODisable</name>
         <value>0x5a95</value>
         <object_component_ref idref="oc-13b"/>
      </symbol>
      <symbol id="sm-b22">
         <name>UARTIntUnregister</name>
         <value>0x5eb3</value>
         <object_component_ref idref="oc-13b"/>
      </symbol>
      <symbol id="sm-b23">
         <name>UARTRxErrorClear</name>
         <value>0x5ff5</value>
         <object_component_ref idref="oc-13b"/>
      </symbol>
      <symbol id="sm-b24">
         <name>UARTModemControlSet</name>
         <value>0x5b7d</value>
         <object_component_ref idref="oc-13b"/>
      </symbol>
      <symbol id="sm-b25">
         <name>UARTFlowControlSet</name>
         <value>0x5c47</value>
         <object_component_ref idref="oc-13b"/>
      </symbol>
      <symbol id="sm-b26">
         <name>UARTConfigSetExpClk</name>
         <value>0x58b3</value>
         <object_component_ref idref="oc-13b"/>
      </symbol>
      <symbol id="sm-b27">
         <name>UARTSmartCardDisable</name>
         <value>0x5b59</value>
         <object_component_ref idref="oc-13b"/>
      </symbol>
      <symbol id="sm-b28">
         <name>UARTDisable</name>
         <value>0x5a39</value>
         <object_component_ref idref="oc-13b"/>
      </symbol>
      <symbol id="sm-b29">
         <name>UART9BitDisable</name>
         <value>0x608b</value>
         <object_component_ref idref="oc-13b"/>
      </symbol>
      <symbol id="sm-b2a">
         <name>UARTFIFOLevelGet</name>
         <value>0x5877</value>
         <object_component_ref idref="oc-13b"/>
      </symbol>
      <symbol id="sm-b2b">
         <name>UARTBusy</name>
         <value>0x5e49</value>
         <object_component_ref idref="oc-13b"/>
      </symbol>
      <symbol id="sm-b2c">
         <name>UARTDisableSIR</name>
         <value>0x5af5</value>
         <object_component_ref idref="oc-13b"/>
      </symbol>
      <symbol id="sm-b2d">
         <name>UARTIntEnable</name>
         <value>0x5eed</value>
         <object_component_ref idref="oc-13b"/>
      </symbol>
      <symbol id="sm-b2e">
         <name>UARTCharsAvail</name>
         <value>0x5d09</value>
         <object_component_ref idref="oc-13b"/>
      </symbol>
      <symbol id="sm-b2f">
         <name>UARTCharGetNonBlocking</name>
         <value>0x5d61</value>
         <object_component_ref idref="oc-13b"/>
      </symbol>
      <symbol id="sm-b30">
         <name>UARTClockSourceSet</name>
         <value>0x6013</value>
         <object_component_ref idref="oc-13b"/>
      </symbol>
      <symbol id="sm-b31">
         <name>UARTTxIntModeGet</name>
         <value>0x5ce5</value>
         <object_component_ref idref="oc-13b"/>
      </symbol>
      <symbol id="sm-b32">
         <name>UARTModemStatusGet</name>
         <value>0x5c25</value>
         <object_component_ref idref="oc-13b"/>
      </symbol>
      <symbol id="sm-b33">
         <name>UARTIntDisable</name>
         <value>0x5f13</value>
         <object_component_ref idref="oc-13b"/>
      </symbol>
      <symbol id="sm-b34">
         <name>UARTCharPut</name>
         <value>0x5de1</value>
         <object_component_ref idref="oc-13b"/>
      </symbol>
      <symbol id="sm-b35">
         <name>UARTParityModeSet</name>
         <value>0x579b</value>
         <object_component_ref idref="oc-13b"/>
      </symbol>
      <symbol id="sm-b36">
         <name>UARTRxErrorGet</name>
         <value>0x5fd5</value>
         <object_component_ref idref="oc-13b"/>
      </symbol>
      <symbol id="sm-b37">
         <name>UARTConfigGetExpClk</name>
         <value>0x5991</value>
         <object_component_ref idref="oc-13b"/>
      </symbol>
      <symbol id="sm-b38">
         <name>UARTEnableSIR</name>
         <value>0x5ab9</value>
         <object_component_ref idref="oc-13b"/>
      </symbol>
      <symbol id="sm-b39">
         <name>UARTEnable</name>
         <value>0x59f1</value>
         <object_component_ref idref="oc-13b"/>
      </symbol>
      <symbol id="sm-b3a">
         <name>UART9BitAddrSend</name>
         <value>0x60e3</value>
         <object_component_ref idref="oc-13b"/>
      </symbol>
      <symbol id="sm-b3b">
         <name>UARTModemControlGet</name>
         <value>0x5c05</value>
         <object_component_ref idref="oc-13b"/>
      </symbol>
      <symbol id="sm-b3c">
         <name>UARTSmartCardEnable</name>
         <value>0x5b19</value>
         <object_component_ref idref="oc-13b"/>
      </symbol>
      <symbol id="sm-b3d">
         <name>UARTFlowControlGet</name>
         <value>0x5c83</value>
         <object_component_ref idref="oc-13b"/>
      </symbol>
      <symbol id="sm-b3e">
         <name>UARTFIFOEnable</name>
         <value>0x5a71</value>
         <object_component_ref idref="oc-13b"/>
      </symbol>
      <symbol id="sm-b3f">
         <name>UARTIntClear</name>
         <value>0x5f69</value>
         <object_component_ref idref="oc-13b"/>
      </symbol>
      <symbol id="sm-b40">
         <name>UARTIntStatus</name>
         <value>0x5f39</value>
         <object_component_ref idref="oc-13b"/>
      </symbol>
      <symbol id="sm-b41">
         <name>UARTDMADisable</name>
         <value>0x5faf</value>
         <object_component_ref idref="oc-13b"/>
      </symbol>
      <symbol id="sm-b42">
         <name>UART9BitEnable</name>
         <value>0x6067</value>
         <object_component_ref idref="oc-13b"/>
      </symbol>
      <symbol id="sm-b43">
         <name>UARTSpaceAvail</name>
         <value>0x5d35</value>
         <object_component_ref idref="oc-13b"/>
      </symbol>
      <symbol id="sm-b44">
         <name>UARTCharGet</name>
         <value>0x5d8b</value>
         <object_component_ref idref="oc-13b"/>
      </symbol>
      <symbol id="sm-b45">
         <name>UARTFIFOLevelSet</name>
         <value>0x5805</value>
         <object_component_ref idref="oc-13b"/>
      </symbol>
      <symbol id="sm-b46">
         <name>UARTModemControlClear</name>
         <value>0x5bc1</value>
         <object_component_ref idref="oc-13b"/>
      </symbol>
      <symbol id="sm-b47">
         <name>UARTParityModeGet</name>
         <value>0x57e7</value>
         <object_component_ref idref="oc-13b"/>
      </symbol>
      <symbol id="sm-b48">
         <name>UARTIntRegister</name>
         <value>0x5e75</value>
         <object_component_ref idref="oc-13b"/>
      </symbol>
      <symbol id="sm-b49">
         <name>UARTBreakCtl</name>
         <value>0x5e11</value>
         <object_component_ref idref="oc-13b"/>
      </symbol>
      <symbol id="sm-b4a">
         <name>UART9BitAddrSet</name>
         <value>0x60af</value>
         <object_component_ref idref="oc-13b"/>
      </symbol>
      <symbol id="sm-b86">
         <name>LEDWrite</name>
         <value>0x75f7</value>
         <object_component_ref idref="oc-14d"/>
      </symbol>
      <symbol id="sm-b87">
         <name>LEDRead</name>
         <value>0x7687</value>
         <object_component_ref idref="oc-14d"/>
      </symbol>
      <symbol id="sm-b88">
         <name>PinoutSet</name>
         <value>0x7425</value>
         <object_component_ref idref="oc-14d"/>
      </symbol>
      <symbol id="sm-c02">
         <name>UARTgetc</name>
         <value>0x6891</value>
         <object_component_ref idref="oc-141"/>
      </symbol>
      <symbol id="sm-c03">
         <name>UARTgets</name>
         <value>0x679f</value>
         <object_component_ref idref="oc-141"/>
      </symbol>
      <symbol id="sm-c04">
         <name>UARTStdioConfig</name>
         <value>0x66b5</value>
         <object_component_ref idref="oc-141"/>
      </symbol>
      <symbol id="sm-c05">
         <name>UARTwrite</name>
         <value>0x672f</value>
         <object_component_ref idref="oc-141"/>
      </symbol>
      <symbol id="sm-c06">
         <name>UARTprintf</name>
         <value>0x6beb</value>
         <object_component_ref idref="oc-141"/>
      </symbol>
      <symbol id="sm-c07">
         <name>UARTvprintf</name>
         <value>0x68c5</value>
         <object_component_ref idref="oc-141"/>
      </symbol>
      <symbol id="sm-c19">
         <name>__aeabi_cdrcmple</name>
         <value>0x8191</value>
         <object_component_ref idref="oc-25d"/>
      </symbol>
      <symbol id="sm-c24">
         <name>__aeabi_dmul</name>
         <value>0x7e93</value>
         <object_component_ref idref="oc-311"/>
      </symbol>
      <symbol id="sm-c2e">
         <name>__aeabi_d2uiz</name>
         <value>0x833d</value>
         <object_component_ref idref="oc-252"/>
      </symbol>
      <symbol id="sm-c38">
         <name>__aeabi_i2d</name>
         <value>0x8435</value>
         <object_component_ref idref="oc-30c"/>
      </symbol>
      <symbol id="sm-c53">
         <name>memcpy</name>
         <value>0x8063</value>
         <object_component_ref idref="oc-43"/>
      </symbol>
      <symbol id="sm-c54">
         <name>__aeabi_memcpy</name>
         <value>0x8063</value>
         <object_component_ref idref="oc-43"/>
      </symbol>
      <symbol id="sm-c55">
         <name>__aeabi_memcpy8</name>
         <value>0x8063</value>
         <object_component_ref idref="oc-43"/>
      </symbol>
      <symbol id="sm-c56">
         <name>__aeabi_memcpy4</name>
         <value>0x8063</value>
         <object_component_ref idref="oc-43"/>
      </symbol>
      <symbol id="sm-c60">
         <name>__aeabi_ui2d</name>
         <value>0x8463</value>
         <object_component_ref idref="oc-24d"/>
      </symbol>
      <symbol id="sm-c6f">
         <name>__aeabi_uidivmod</name>
         <value>0x8381</value>
         <object_component_ref idref="oc-232"/>
      </symbol>
      <symbol id="sm-c70">
         <name>__aeabi_uidiv</name>
         <value>0x8381</value>
         <object_component_ref idref="oc-232"/>
      </symbol>
      <symbol id="sm-c7f">
         <name>__aeabi_memset</name>
         <value>0x8219</value>
         <object_component_ref idref="oc-b8"/>
      </symbol>
      <symbol id="sm-c80">
         <name>memset</name>
         <value>0x821f</value>
         <object_component_ref idref="oc-b8"/>
      </symbol>
      <symbol id="sm-c81">
         <name>__aeabi_memset8</name>
         <value>0x8219</value>
         <object_component_ref idref="oc-b8"/>
      </symbol>
      <symbol id="sm-c82">
         <name>__aeabi_memset4</name>
         <value>0x8219</value>
         <object_component_ref idref="oc-b8"/>
      </symbol>
      <symbol id="sm-c83">
         <name>__aeabi_memclr8</name>
         <value>0x8217</value>
         <object_component_ref idref="oc-b8"/>
      </symbol>
      <symbol id="sm-c84">
         <name>__aeabi_memclr4</name>
         <value>0x8217</value>
         <object_component_ref idref="oc-b8"/>
      </symbol>
      <symbol id="sm-c85">
         <name>__aeabi_memclr</name>
         <value>0x8217</value>
         <object_component_ref idref="oc-b8"/>
      </symbol>
      <symbol id="sm-c9c">
         <name>__TI_zero_init</name>
         <value>0x84a5</value>
         <object_component_ref idref="oc-55"/>
      </symbol>
      <symbol id="sm-cb3">
         <name>__TI_decompress_none</name>
         <value>0x8497</value>
         <object_component_ref idref="oc-18"/>
      </symbol>
      <symbol id="sm-cd6">
         <name>__TI_decompress_lzss</name>
         <value>0x8291</value>
         <object_component_ref idref="oc-12"/>
      </symbol>
      <symbol id="sm-ce4">
         <name>strcpy</name>
         <value>0x8483</value>
         <object_component_ref idref="oc-247"/>
      </symbol>
      <symbol id="sm-cf7">
         <name>__stack</name>
         <value>0x2000c728</value>
         <object_component_ref idref="oc-21"/>
      </symbol>
      <symbol id="sm-cf8">
         <name>_c_int00_noargs</name>
         <value>0x8401</value>
         <object_component_ref idref="oc-61"/>
      </symbol>
      <symbol id="sm-d02">
         <name>__aeabi_idiv0</name>
         <value>0x7f8f</value>
         <object_component_ref idref="oc-2f4"/>
      </symbol>
      <symbol id="sm-d03">
         <name>__aeabi_ldiv0</name>
         <value>0x7f8f</value>
         <object_component_ref idref="oc-2f4"/>
      </symbol>
      <symbol id="sm-d2b">
         <name>__TI_auto_init_nobinit_nopinit</name>
         <value>0x82f9</value>
         <object_component_ref idref="oc-179"/>
      </symbol>
      <symbol id="sm-d35">
         <name>_system_pre_init</name>
         <value>0x84c3</value>
         <object_component_ref idref="oc-be"/>
      </symbol>
      <symbol id="sm-d41">
         <name>C$$EXIT</name>
         <value>0x84c7</value>
         <object_component_ref idref="oc-16d"/>
      </symbol>
      <symbol id="sm-d42">
         <name>abort</name>
         <value>0x84c7</value>
         <object_component_ref idref="oc-16d"/>
      </symbol>
      <symbol id="sm-d45">
         <name>__TI_static_base__</name>
         <value>0x0</value>
      </symbol>
      <symbol id="sm-d48">
         <name>__mpu_init</name>
         <value>0x0</value>
      </symbol>
      <symbol id="sm-d49">
         <name>_system_post_cinit</name>
         <value>0x0</value>
      </symbol>
   </symbol_table>
   <title>Link successful</title>
</link_info>
